#-----------------------------------------------------------
# Vivado v2019.1 (64-bit)
# SW Build 2552052 on Fri May 24 14:47:09 MDT 2019
# IP Build 2548770 on Fri May 24 18:01:18 MDT 2019
# Start of session at: Fri May 22 11:37:54 2026
# Process ID: 35546
# Current directory: /home/sten/vivado/Vivado/2019.1/prj_adder/solution1/sim/verilog
# Command line: vivado -source open_wave.tcl
# Log file: /home/sten/vivado/Vivado/2019.1/prj_adder/solution1/sim/verilog/vivado.log
# Journal file: /home/sten/vivado/Vivado/2019.1/prj_adder/solution1/sim/verilog/vivado.jou
#-----------------------------------------------------------
start_gui
source open_wave.tcl
# current_fileset
INFO: [IP_Flow 19-234] Refreshing IP repositories
INFO: [IP_Flow 19-1704] No user IP repositories specified
INFO: [IP_Flow 19-2313] Loaded Vivado IP repository '/home/sten/vivado/Vivado/2019.1/data/ip'.
# open_wave_database adder.wdb
INFO: [Wavedata 42-564]   Found protocol instance at /apatb_adder_top/AESL_inst_adder/AESL_inst_adder_activity
WARNING: [Wavedata 42-559] Protocol instance "/apatb_adder_top/AESL_inst_adder/AESL_inst_adder_activity" was created but is non-functional for the following reason(s):
Couldn't find port object "ap_clk" for protocol analyzer port "AP_CLK".
Couldn't find port object "ap_rst" for protocol analyzer port "AP_RESET".
Protocol instance has no valid analyzer.  Please configure the protocol instance again.

open_wave_config /home/sten/vivado/Vivado/2019.1/prj_adder/solution1/sim/verilog/adder.wcfg
WARNING: [Wavedata 42-572] Protocol instance "/apatb_adder_top/AESL_inst_adder/AESL_inst_adder_activity" is non-functional for the following reason(s):
Protocol instance has no valid analyzer.  Please configure the protocol instance again.

WARNING: [Wavedata 42-572] Protocol instance "/apatb_adder_top/AESL_inst_adder/AESL_inst_adder_activity" is non-functional for the following reason(s):
Protocol instance has no valid analyzer.  Please configure the protocol instance again.

close_sim
INFO: [Simtcl 6-16] Simulation closed
exit
INFO: [Common 17-206] Exiting Vivado at Fri May 22 12:35:31 2026...
