#-----------------------------------------------------------
# xsim v2019.1 (64-bit)
# SW Build 2552052 on Fri May 24 14:47:09 MDT 2019
# IP Build 2548770 on Fri May 24 18:01:18 MDT 2019
# Start of session at: Fri May  8 13:20:47 2026
# Process ID: 128271
# Current directory: /home/sten/vivado/Vivado/2019.1/prj_adder/solution1/sim/verilog
# Command line: xsim -source {xsim.dir/adder/xsim_script.tcl}
# Log file: /home/sten/vivado/Vivado/2019.1/prj_adder/solution1/sim/verilog/xsim.log
# Journal file: /home/sten/vivado/Vivado/2019.1/prj_adder/solution1/sim/verilog/xsim.jou
#-----------------------------------------------------------
start_gui
source xsim.dir/adder/xsim_script.tcl
# set_param project.enableReportConfiguration 0
# load_feature core
# current_fileset
INFO: [IP_Flow 19-234] Refreshing IP repositories
INFO: [IP_Flow 19-1704] No user IP repositories specified
INFO: [IP_Flow 19-2313] Loaded Vivado IP repository '/home/sten/vivado/Vivado/2019.1/data/ip'.
# xsim {adder} -view {{adder_dataflow_ana.wcfg}} -tclbatch {adder.tcl} -protoinst {adder.protoinst}
Vivado Simulator 2019.1
INFO: [Wavedata 42-565] Reading protoinst file adder.protoinst
INFO: [Wavedata 42-564]   Found protocol instance at /apatb_adder_top/AESL_inst_adder//AESL_inst_adder_activity
WARNING: [Wavedata 42-559] Protocol instance "/apatb_adder_top/AESL_inst_adder//AESL_inst_adder_activity" was created but is non-functional for the following reason(s):
Couldn't find port object "ap_clk" for protocol analyzer port "AP_CLK".
Couldn't find port object "ap_rst" for protocol analyzer port "AP_RESET".
Protocol instance has no valid analyzer.  Please configure the protocol instance again.

Time resolution is 1 ps
open_wave_config adder_dataflow_ana.wcfg
WARNING: [Wavedata 42-572] Protocol instance "/apatb_adder_top/AESL_inst_adder/AESL_inst_adder_activity" is non-functional for the following reason(s):
Protocol instance has no valid analyzer.  Please configure the protocol instance again.

WARNING: [Wavedata 42-572] Protocol instance "/apatb_adder_top/AESL_inst_adder/AESL_inst_adder_activity" is non-functional for the following reason(s):
Protocol instance has no valid analyzer.  Please configure the protocol instance again.

source adder.tcl
## log_wave -r /
WARNING: [Simtcl 6-197] One or more HDL objects could not be logged because of object type or size limitations.  To see details please rerun the command with -verbose (-v).
## set designtopgroup [add_wave_group "Design Top Signals"]
## set coutputgroup [add_wave_group "C Outputs" -into $designtopgroup]
## set return_group [add_wave_group return(wire) -into $coutputgroup]
## add_wave /apatb_adder_top/AESL_inst_adder/ap_return -into $return_group -radix hex
## set cinputgroup [add_wave_group "C Inputs" -into $designtopgroup]
## set c_group [add_wave_group c(wire) -into $cinputgroup]
## add_wave /apatb_adder_top/AESL_inst_adder/c -into $c_group -radix hex
## set b_group [add_wave_group b(wire) -into $cinputgroup]
## add_wave /apatb_adder_top/AESL_inst_adder/b -into $b_group -radix hex
## set a_group [add_wave_group a(wire) -into $cinputgroup]
## add_wave /apatb_adder_top/AESL_inst_adder/a -into $a_group -radix hex
## set blocksiggroup [add_wave_group "Block-level IO Handshake" -into $designtopgroup]
## add_wave /apatb_adder_top/AESL_inst_adder/ap_start -into $blocksiggroup
## add_wave /apatb_adder_top/AESL_inst_adder/ap_done -into $blocksiggroup
## add_wave /apatb_adder_top/AESL_inst_adder/ap_idle -into $blocksiggroup
## add_wave /apatb_adder_top/AESL_inst_adder/ap_ready -into $blocksiggroup
## set resetgroup [add_wave_group "Reset" -into $designtopgroup]
## set clockgroup [add_wave_group "Clock" -into $designtopgroup]
## set testbenchgroup [add_wave_group "Test Bench Signals"]
## set tbinternalsiggroup [add_wave_group "Internal Signals" -into $testbenchgroup]
## set tb_simstatus_group [add_wave_group "Simulation Status" -into $tbinternalsiggroup]
## set tb_portdepth_group [add_wave_group "Port Depth" -into $tbinternalsiggroup]
## add_wave /apatb_adder_top/AUTOTB_TRANSACTION_NUM -into $tb_simstatus_group -radix hex
## add_wave /apatb_adder_top/ready_cnt -into $tb_simstatus_group -radix hex
## add_wave /apatb_adder_top/done_cnt -into $tb_simstatus_group -radix hex
## add_wave /apatb_adder_top/LENGTH_a -into $tb_portdepth_group -radix hex
## add_wave /apatb_adder_top/LENGTH_b -into $tb_portdepth_group -radix hex
## add_wave /apatb_adder_top/LENGTH_c -into $tb_portdepth_group -radix hex
## add_wave /apatb_adder_top/LENGTH_ap_return -into $tb_portdepth_group -radix hex
## set tbcoutputgroup [add_wave_group "C Outputs" -into $testbenchgroup]
## set tb_return_group [add_wave_group return(wire) -into $tbcoutputgroup]
## add_wave /apatb_adder_top/ap_return -into $tb_return_group -radix hex
## set tbcinputgroup [add_wave_group "C Inputs" -into $testbenchgroup]
## set tb_c_group [add_wave_group c(wire) -into $tbcinputgroup]
## add_wave /apatb_adder_top/c -into $tb_c_group -radix hex
## set tb_b_group [add_wave_group b(wire) -into $tbcinputgroup]
## add_wave /apatb_adder_top/b -into $tb_b_group -radix hex
## set tb_a_group [add_wave_group a(wire) -into $tbcinputgroup]
## add_wave /apatb_adder_top/a -into $tb_a_group -radix hex
## save_wave_config adder.wcfg
## run all
////////////////////////////////////////////////////////////////////////////////////
// Inter-Transaction Progress: Completed Transaction / Total Transaction
// Intra-Transaction Progress: Measured Latency / Latency Estimation * 100%
//
// RTL Simulation : "Inter-Transaction Progress" ["Intra-Transaction Progress"] @ "Simulation Time"
////////////////////////////////////////////////////////////////////////////////////
// RTL Simulation : 0 / 5 [n/a] @ "125000"
// RTL Simulation : 1 / 5 [n/a] @ "145000"
// RTL Simulation : 2 / 5 [n/a] @ "155000"
// RTL Simulation : 3 / 5 [n/a] @ "165000"
// RTL Simulation : 4 / 5 [n/a] @ "175000"
// RTL Simulation : 5 / 5 [n/a] @ "185000"
////////////////////////////////////////////////////////////////////////////////////
$finish called at time : 225 ns : File "/home/sten/vivado/Vivado/2019.1/prj_adder/solution1/sim/verilog/adder.autotb.v" Line 372
create_wave_config; add_wave /; set_property needs_save false [current_wave_config]
WARNING: Simulation object /apatb_adder_top/next_trigger_ready_cnt was not traceable in the design for the following reason:
Vivado Simulator does not support tracing of System Verilog Event Type object.
WARNING: Simulation object /apatb_adder_top/report_progress was not traceable in the design for the following reason:
Vivado Simulator does not support tracing of System Verilog Event Type object.
close_sim
INFO: [Simtcl 6-16] Simulation closed
exit
INFO: [Common 17-206] Exiting xsim at Mon May 11 07:04:34 2026...
