

================================================================
== Vivado HLS Report for 'mlp'
================================================================
* Date:           Thu Sep  3 11:24:55 2026

* Version:        2019.1 (Build 2552052 on Fri May 24 15:28:33 MDT 2019)
* Project:        mlp_FP
* Solution:       sol_fp_7
* Product family: zynquplus
* Target device:  xczu3eg-sbva484-1-i


================================================================
== Performance Estimates
================================================================
+ Timing (ns): 
    * Summary: 
    +--------+-------+----------+------------+
    |  Clock | Target| Estimated| Uncertainty|
    +--------+-------+----------+------------+
    |ap_clk  |   7.00|     7.502|        0.88|
    +--------+-------+----------+------------+

+ Latency (clock cycles): 
    * Summary: 
    +-------+-------+-------+-------+---------+
    |    Latency    |    Interval   | Pipeline|
    |  min  |  max  |  min  |  max  |   Type  |
    +-------+-------+-------+-------+---------+
    |  41519|  41519|  41519|  41519|   none  |
    +-------+-------+-------+-------+---------+

    + Detail: 
        * Instance: 
        N/A

        * Loop: 
        +----------------+-------+-------+----------+-----------+-----------+------+----------+
        |                |    Latency    | Iteration|  Initiation Interval  | Trip |          |
        |    Loop Name   |  min  |  max  |  Latency |  achieved |   target  | Count| Pipelined|
        +----------------+-------+-------+----------+-----------+-----------+------+----------+
        |- layer1        |  39220|  39220|      7844|          -|          -|     5|    no    |
        | + neuron_mac   |   7840|   7840|        10|          -|          -|   784|    no    |
        |- layer2        |    432|    432|        54|          -|          -|     8|    no    |
        | + neuron_mac   |     50|     50|        10|          -|          -|     5|    no    |
        |- layer3        |    672|    672|        84|          -|          -|     8|    no    |
        | + neuron_mac   |     80|     80|        10|          -|          -|     8|    no    |
        |- layer4        |    830|    830|        83|          -|          -|    10|    no    |
        | + neuron_mac   |     80|     80|        10|          -|          -|     8|    no    |
        |- softmax_max   |     27|     27|         3|          -|          -|     9|    no    |
        |- softmax_exp   |    200|    200|        20|          -|          -|    10|    no    |
        |- softmax_norm  |    130|    130|        13|          -|          -|    10|    no    |
        +----------------+-------+-------+----------+-----------+-----------+------+----------+



================================================================
== Utilization Estimates
================================================================
* Summary: 
+-----------------+---------+-------+--------+-------+-----+
|       Name      | BRAM_18K| DSP48E|   FF   |  LUT  | URAM|
+-----------------+---------+-------+--------+-------+-----+
|DSP              |        -|      -|       -|      -|    -|
|Expression       |        -|      -|       0|    647|    -|
|FIFO             |        -|      -|       -|      -|    -|
|Instance         |        -|     12|    1301|   2117|    -|
|Memory           |       11|      -|     384|     32|    0|
|Multiplexer      |        -|      -|       -|    848|    -|
|Register         |        -|      -|     599|      -|    -|
+-----------------+---------+-------+--------+-------+-----+
|Total            |       11|     12|    2284|   3644|    0|
+-----------------+---------+-------+--------+-------+-----+
|Available        |      432|    360|  141120|  70560|    0|
+-----------------+---------+-------+--------+-------+-----+
|Utilization (%)  |        2|      3|       1|      5|    0|
+-----------------+---------+-------+--------+-------+-----+

+ Detail: 
    * Instance: 
    +-------------------------------------------+----------------------------------------+---------+-------+-----+-----+-----+
    |                  Instance                 |                 Module                 | BRAM_18K| DSP48E|  FF | LUT | URAM|
    +-------------------------------------------+----------------------------------------+---------+-------+-----+-----+-----+
    |mlp_faddfsub_32ns_32ns_32_5_full_dsp_1_U1  |mlp_faddfsub_32ns_32ns_32_5_full_dsp_1  |        0|      2|  205|  206|    0|
    |mlp_fcmp_32ns_32ns_1_2_1_U4                |mlp_fcmp_32ns_32ns_1_2_1                |        0|      0|   66|   66|    0|
    |mlp_fdiv_32ns_32ns_32_12_1_U3              |mlp_fdiv_32ns_32ns_32_12_1              |        0|      0|  563|  800|    0|
    |mlp_fexp_32ns_32ns_32_8_full_dsp_1_U5      |mlp_fexp_32ns_32ns_32_8_full_dsp_1      |        0|      7|  324|  905|    0|
    |mlp_fmul_32ns_32ns_32_4_max_dsp_1_U2       |mlp_fmul_32ns_32ns_32_4_max_dsp_1       |        0|      3|  143|  140|    0|
    +-------------------------------------------+----------------------------------------+---------+-------+-----+-----+-----+
    |Total                                      |                                        |        0|     12| 1301| 2117|    0|
    +-------------------------------------------+----------------------------------------+---------+-------+-----+-----+-----+

    * DSP48E: 
    N/A

    * Memory: 
    +-------+--------+---------+----+----+-----+------+-----+------+-------------+
    | Memory| Module | BRAM_18K| FF | LUT| URAM| Words| Bits| Banks| W*Bits*Banks|
    +-------+--------+---------+----+----+-----+------+-----+------+-------------+
    |B1_U   |mlp_B1  |        0|  32|   3|    0|     5|   32|     1|          160|
    |B2_U   |mlp_B2  |        0|  32|   4|    0|     8|   32|     1|          256|
    |B3_U   |mlp_B3  |        0|  32|   4|    0|     8|   32|     1|          256|
    |B4_U   |mlp_B4  |        0|  32|   5|    0|    10|   32|     1|          320|
    |W1_U   |mlp_W1  |        8|   0|   0|    0|  3920|   32|     1|       125440|
    |W2_U   |mlp_W2  |        1|   0|   0|    0|    40|   32|     1|         1280|
    |W3_U   |mlp_W3  |        1|   0|   0|    0|    64|   32|     1|         2048|
    |W4_U   |mlp_W4  |        1|   0|   0|    0|    80|   32|     1|         2560|
    |a1_U   |mlp_a1  |        0|  64|   3|    0|     5|   32|     1|          160|
    |a2_U   |mlp_a2  |        0|  64|   4|    0|     8|   32|     1|          256|
    |a3_U   |mlp_a2  |        0|  64|   4|    0|     8|   32|     1|          256|
    |z4_U   |mlp_z4  |        0|  64|   5|    0|    10|   32|     1|          320|
    +-------+--------+---------+----+----+-----+------+-----+------+-------------+
    |Total  |        |       11| 384|  32|    0|  4166|  384|    12|       133312|
    +-------+--------+---------+----+----+-----+------+-----+------+-------------+

    * FIFO: 
    N/A

    * Expression: 
    +-------------------------+----------+-------+---+----+------------+------------+
    |      Variable Name      | Operation| DSP48E| FF| LUT| Bitwidth P0| Bitwidth P1|
    +-------------------------+----------+-------+---+----+------------+------------+
    |add_ln69_1_fu_656_p2     |     +    |      0|  0|  19|          12|          12|
    |add_ln69_2_fu_778_p2     |     +    |      0|  0|  15|           7|           7|
    |add_ln69_3_fu_889_p2     |     +    |      0|  0|  15|           8|           8|
    |add_ln69_4_fu_1000_p2    |     +    |      0|  0|  15|           8|           8|
    |add_ln69_fu_751_p2       |     +    |      0|  0|  15|           7|           7|
    |add_ln86_fu_612_p2       |     +    |      0|  0|  19|          12|          10|
    |i_1_fu_763_p2            |     +    |      0|  0|  11|           3|           1|
    |i_2_fu_874_p2            |     +    |      0|  0|  12|           4|           1|
    |i_3_fu_985_p2            |     +    |      0|  0|  12|           4|           1|
    |i_fu_641_p2              |     +    |      0|  0|  17|          10|           1|
    |j_1_fu_724_p2            |     +    |      0|  0|  12|           4|           1|
    |j_2_fu_845_p2            |     +    |      0|  0|  12|           4|           1|
    |j_3_fu_1021_p2           |     +    |      0|  0|  12|           1|           4|
    |j_4_fu_956_p2            |     +    |      0|  0|  12|           4|           1|
    |j_5_fu_1123_p2           |     +    |      0|  0|  12|           4|           1|
    |j_6_fu_1140_p2           |     +    |      0|  0|  12|           4|           1|
    |j_fu_624_p2              |     +    |      0|  0|  11|           3|           1|
    |and_ln104_1_fu_1104_p2   |    and   |      0|  0|   2|           1|           1|
    |and_ln104_fu_1098_p2     |    and   |      0|  0|   2|           1|           1|
    |and_ln72_1_fu_824_p2     |    and   |      0|  0|   2|           1|           1|
    |and_ln72_2_fu_935_p2     |    and   |      0|  0|   2|           1|           1|
    |and_ln72_fu_703_p2       |    and   |      0|  0|   2|           1|           1|
    |icmp_ln103_fu_1010_p2    |   icmp   |      0|  0|   9|           4|           4|
    |icmp_ln104_1_fu_1068_p2  |   icmp   |      0|  0|  20|          23|           1|
    |icmp_ln104_2_fu_1080_p2  |   icmp   |      0|  0|  11|           8|           2|
    |icmp_ln104_3_fu_1086_p2  |   icmp   |      0|  0|  20|          23|           1|
    |icmp_ln104_fu_1062_p2    |   icmp   |      0|  0|  11|           8|           2|
    |icmp_ln109_fu_1117_p2    |   icmp   |      0|  0|   9|           4|           4|
    |icmp_ln116_fu_1134_p2    |   icmp   |      0|  0|   9|           4|           4|
    |icmp_ln68_1_fu_757_p2    |   icmp   |      0|  0|   9|           3|           3|
    |icmp_ln68_2_fu_868_p2    |   icmp   |      0|  0|  11|           4|           5|
    |icmp_ln68_3_fu_979_p2    |   icmp   |      0|  0|  11|           4|           5|
    |icmp_ln68_fu_635_p2      |   icmp   |      0|  0|  13|          10|           9|
    |icmp_ln72_1_fu_691_p2    |   icmp   |      0|  0|  20|          23|           1|
    |icmp_ln72_2_fu_806_p2    |   icmp   |      0|  0|  11|           8|           2|
    |icmp_ln72_3_fu_812_p2    |   icmp   |      0|  0|  20|          23|           1|
    |icmp_ln72_4_fu_917_p2    |   icmp   |      0|  0|  11|           8|           2|
    |icmp_ln72_5_fu_923_p2    |   icmp   |      0|  0|  20|          23|           1|
    |icmp_ln72_fu_685_p2      |   icmp   |      0|  0|  11|           8|           2|
    |icmp_ln86_fu_618_p2      |   icmp   |      0|  0|   9|           3|           3|
    |icmp_ln90_fu_718_p2      |   icmp   |      0|  0|  11|           4|           5|
    |icmp_ln94_fu_839_p2      |   icmp   |      0|  0|  11|           4|           5|
    |icmp_ln98_fu_950_p2      |   icmp   |      0|  0|   9|           4|           4|
    |or_ln104_1_fu_1092_p2    |    or    |      0|  0|   2|           1|           1|
    |or_ln104_fu_1074_p2      |    or    |      0|  0|   2|           1|           1|
    |or_ln72_1_fu_818_p2      |    or    |      0|  0|   2|           1|           1|
    |or_ln72_2_fu_929_p2      |    or    |      0|  0|   2|           1|           1|
    |or_ln72_fu_697_p2        |    or    |      0|  0|   2|           1|           1|
    |a1_d0                    |  select  |      0|  0|  32|           1|           1|
    |a2_d0                    |  select  |      0|  0|  32|           1|           1|
    |a3_d0                    |  select  |      0|  0|  32|           1|           1|
    |maxv_2_fu_1110_p3        |  select  |      0|  0|  32|           1|          32|
    +-------------------------+----------+-------+---+----+------------+------------+
    |Total                    |          |      0|  0| 647|         316|         177|
    +-------------------------+----------+-------+---+----+------------+------------+

    * Multiplexer: 
    +-------------------+-----+-----------+-----+-----------+
    |        Name       | LUT | Input Size| Bits| Total Bits|
    +-------------------+-----+-----------+-----+-----------+
    |a1_address0        |   15|          3|    3|          9|
    |a2_address0        |   15|          3|    3|          9|
    |a3_address0        |   15|          3|    3|          9|
    |acc_0_i17_reg_438  |    9|          2|   32|         64|
    |acc_0_i28_reg_471  |    9|          2|   32|         64|
    |acc_0_i6_reg_405   |    9|          2|   32|         64|
    |acc_0_i_reg_372    |    9|          2|   32|         64|
    |ap_NS_fsm          |  393|         90|    1|         90|
    |grp_fu_548_opcode  |   15|          3|    2|          6|
    |grp_fu_548_p0      |   38|          7|   32|        224|
    |grp_fu_548_p1      |   21|          4|   32|        128|
    |grp_fu_558_p0      |   27|          5|   32|        160|
    |grp_fu_558_p1      |   27|          5|   32|        160|
    |grp_fu_577_opcode  |   15|          3|    5|         15|
    |grp_fu_577_p0      |   27|          5|   32|        160|
    |grp_fu_577_p1      |   15|          3|   32|         96|
    |i_0_i18_reg_448    |    9|          2|    4|          8|
    |i_0_i29_reg_482    |    9|          2|    4|          8|
    |i_0_i7_reg_415     |    9|          2|    3|          6|
    |i_0_i_reg_382      |    9|          2|   10|         20|
    |j1_0_reg_393       |    9|          2|    4|          8|
    |j2_0_reg_426       |    9|          2|    4|          8|
    |j3_0_reg_459       |    9|          2|    4|          8|
    |j4_0_reg_493       |    9|          2|    4|          8|
    |j5_0_reg_526       |    9|          2|    4|          8|
    |j6_0_reg_537       |    9|          2|    4|          8|
    |j_0_reg_349        |    9|          2|    3|          6|
    |maxv_0_reg_504     |    9|          2|   32|         64|
    |output_r_address0  |   21|          4|    4|         16|
    |output_r_d0        |   15|          3|   32|         96|
    |phi_mul_reg_360    |    9|          2|   12|         24|
    |sum_0_reg_514      |    9|          2|   32|         64|
    |z4_address0        |   27|          5|    4|         20|
    +-------------------+-----+-----------+-----+-----------+
    |Total              |  848|        182|  501|       1702|
    +-------------------+-----+-----------+-----+-----------+

    * Register: 
    +------------------------+----+----+-----+-----------+
    |          Name          | FF | LUT| Bits| Const Bits|
    +------------------------+----+----+-----+-----------+
    |acc_0_i17_reg_438       |  32|   0|   32|          0|
    |acc_0_i28_reg_471       |  32|   0|   32|          0|
    |acc_0_i6_reg_405        |  32|   0|   32|          0|
    |acc_0_i_reg_372         |  32|   0|   32|          0|
    |add_ln69_reg_1225       |   7|   0|    7|          0|
    |add_ln86_reg_1151       |  12|   0|   12|          0|
    |ap_CS_fsm               |  89|   0|   89|          0|
    |e_reg_1423              |  32|   0|   32|          0|
    |i_0_i18_reg_448         |   4|   0|    4|          0|
    |i_0_i29_reg_482         |   4|   0|    4|          0|
    |i_0_i7_reg_415          |   3|   0|    3|          0|
    |i_0_i_reg_382           |  10|   0|   10|          0|
    |i_1_reg_1238            |   3|   0|    3|          0|
    |i_2_reg_1294            |   4|   0|    4|          0|
    |i_3_reg_1355            |   4|   0|    4|          0|
    |i_reg_1182              |  10|   0|   10|          0|
    |j1_0_reg_393            |   4|   0|    4|          0|
    |j2_0_reg_426            |   4|   0|    4|          0|
    |j3_0_reg_459            |   4|   0|    4|          0|
    |j4_0_reg_493            |   4|   0|    4|          0|
    |j5_0_reg_526            |   4|   0|    4|          0|
    |j6_0_reg_537            |   4|   0|    4|          0|
    |j_0_reg_349             |   3|   0|    3|          0|
    |j_1_reg_1210            |   4|   0|    4|          0|
    |j_2_reg_1266            |   4|   0|    4|          0|
    |j_3_reg_1388            |   4|   0|    4|          0|
    |j_4_reg_1322            |   4|   0|    4|          0|
    |j_5_reg_1408            |   4|   0|    4|          0|
    |j_6_reg_1437            |   4|   0|    4|          0|
    |j_reg_1159              |   3|   0|    3|          0|
    |maxv_0_reg_504          |  32|   0|   32|          0|
    |maxv_1_reg_1393         |  32|   0|   32|          0|
    |output_addr_1_reg_1442  |   4|   0|    4|          0|
    |phi_mul_reg_360         |  12|   0|   12|          0|
    |reg_592                 |  32|   0|   32|          0|
    |reg_597                 |  32|   0|   32|          0|
    |reg_606                 |  32|   0|   32|          0|
    |sum_0_reg_514           |  32|   0|   32|          0|
    |zext_ln110_reg_1413     |   4|   0|   64|         60|
    |zext_ln87_reg_1164      |   3|   0|   64|         61|
    |zext_ln91_reg_1215      |   4|   0|   64|         60|
    |zext_ln95_1_reg_1281    |   4|   0|    8|          4|
    |zext_ln95_reg_1271      |   4|   0|   64|         60|
    |zext_ln99_1_reg_1342    |   4|   0|    8|          4|
    |zext_ln99_reg_1327      |   4|   0|   64|         60|
    +------------------------+----+----+-----+-----------+
    |Total                   | 599|   0|  908|        309|
    +------------------------+----+----+-----+-----------+



================================================================
== Interface
================================================================
* Summary: 
+-------------------+-----+-----+------------+--------------+--------------+
|     RTL Ports     | Dir | Bits|  Protocol  | Source Object|    C Type    |
+-------------------+-----+-----+------------+--------------+--------------+
|ap_clk             |  in |    1| ap_ctrl_hs |      mlp     | return value |
|ap_rst             |  in |    1| ap_ctrl_hs |      mlp     | return value |
|ap_start           |  in |    1| ap_ctrl_hs |      mlp     | return value |
|ap_done            | out |    1| ap_ctrl_hs |      mlp     | return value |
|ap_idle            | out |    1| ap_ctrl_hs |      mlp     | return value |
|ap_ready           | out |    1| ap_ctrl_hs |      mlp     | return value |
|input_r_address0   | out |   10|  ap_memory |    input_r   |     array    |
|input_r_ce0        | out |    1|  ap_memory |    input_r   |     array    |
|input_r_q0         |  in |   32|  ap_memory |    input_r   |     array    |
|output_r_address0  | out |    4|  ap_memory |   output_r   |     array    |
|output_r_ce0       | out |    1|  ap_memory |   output_r   |     array    |
|output_r_we0       | out |    1|  ap_memory |   output_r   |     array    |
|output_r_d0        | out |   32|  ap_memory |   output_r   |     array    |
|output_r_q0        |  in |   32|  ap_memory |   output_r   |     array    |
+-------------------+-----+-----+------------+--------------+--------------+

