

================================================================
== Vivado HLS Report for 'matrix_vector_mult'
================================================================
* Date:           Mon Aug 31 20:20:04 2026

* Version:        2019.1 (Build 2552052 on Fri May 24 15:28:33 MDT 2019)
* Project:        prj_matmul
* Solution:       solution1
* Product family: zynquplus
* Target device:  xczu3eg-sbva484-1-i


================================================================
== Performance Estimates
================================================================
+ Timing (ns): 
    * Summary: 
    +--------+-------+----------+------------+
    |  Clock | Target| Estimated| Uncertainty|
    +--------+-------+----------+------------+
    |ap_clk  |  10.00|     5.873|        1.25|
    +--------+-------+----------+------------+

+ Latency (clock cycles): 
    * Summary: 
    +-----+-----+-----+-----+---------+
    |  Latency  |  Interval | Pipeline|
    | min | max | min | max |   Type  |
    +-----+-----+-----+-----+---------+
    |   25|   25|   25|   25|   none  |
    +-----+-----+-----+-----+---------+

    + Detail: 
        * Instance: 
        N/A

        * Loop: 
        +-------------+-----+-----+----------+-----------+-----------+------+----------+
        |             |  Latency  | Iteration|  Initiation Interval  | Trip |          |
        |  Loop Name  | min | max |  Latency |  achieved |   target  | Count| Pipelined|
        +-------------+-----+-----+----------+-----------+-----------+------+----------+
        |- Loop 1     |   24|   24|         8|          -|          -|     3|    no    |
        | + Loop 1.1  |    6|    6|         2|          -|          -|     3|    no    |
        +-------------+-----+-----+----------+-----------+-----------+------+----------+

============================================================
+ Verbose Summary: Synthesis Manager
============================================================
InlineROM: 1
ExposeGlobal: 0
============================================================
+ Verbose Summary: CDFG Model
============================================================
IsTopModel: 1
ResetActiveHigh: 1
IsCombinational: 0
IsDatapathOnly: 0
HasWiredReturn: 1
HasMFsm: 0
HasVarLatency: 1
IsPipeline: 0
IsRtlPipelined: 0
IsInstanceOverlapped: 0
IsDontTouch: 0
HasImplIP: 0
IsGatedGlobalClock: 0


============================================================
+ Verbose Summary: Schedule
============================================================
* Number of FSM states : 4
* Pipeline : 0
* Dataflow Pipeline: 0

* FSM state transitions: 
1 --> 2 
2 --> 3 
3 --> 4 2 
4 --> 3 

* FSM state operations: 

State 1 <SV = 0> <Delay = 0.75>
ST_1 : Operation 5 [1/1] (0.00ns)   --->   "call void (...)* @_ssdm_op_SpecBitsMap([9 x i32]* %mat) nounwind, !map !7"   --->   Operation 5 'specbitsmap' <Predicate = true> <Delay = 0.00>
ST_1 : Operation 6 [1/1] (0.00ns)   --->   "call void (...)* @_ssdm_op_SpecBitsMap([3 x i32]* %vec) nounwind, !map !13"   --->   Operation 6 'specbitsmap' <Predicate = true> <Delay = 0.00>
ST_1 : Operation 7 [1/1] (0.00ns)   --->   "call void (...)* @_ssdm_op_SpecBitsMap([3 x i32]* %result) nounwind, !map !18"   --->   Operation 7 'specbitsmap' <Predicate = true> <Delay = 0.00>
ST_1 : Operation 8 [1/1] (0.00ns)   --->   "call void (...)* @_ssdm_op_SpecTopModule([19 x i8]* @matrix_vector_mult_s) nounwind"   --->   Operation 8 'spectopmodule' <Predicate = true> <Delay = 0.00>
ST_1 : Operation 9 [1/1] (0.75ns)   --->   "br label %.loopexit" [prj_matmul/matmul.c:7]   --->   Operation 9 'br' <Predicate = true> <Delay = 0.75>

State 2 <SV = 1> <Delay = 0.86>
ST_2 : Operation 10 [1/1] (0.00ns)   --->   "%i_0 = phi i2 [ 0, %0 ], [ %i, %.loopexit.loopexit ]"   --->   Operation 10 'phi' 'i_0' <Predicate = true> <Delay = 0.00>
ST_2 : Operation 11 [1/1] (0.51ns)   --->   "%icmp_ln7 = icmp eq i2 %i_0, -1" [prj_matmul/matmul.c:7]   --->   Operation 11 'icmp' 'icmp_ln7' <Predicate = true> <Delay = 0.51> <Core = "Cmp">   --->   Core 25 'Cmp' <Latency = 0> <II = 1> <Delay = 0.51> <FuncUnit> <Opcode : 'icmp'> <InPorts = 2> <OutPorts = 1>
ST_2 : Operation 12 [1/1] (0.00ns)   --->   "%empty = call i32 (...)* @_ssdm_op_SpecLoopTripCount(i64 3, i64 3, i64 3) nounwind"   --->   Operation 12 'speclooptripcount' 'empty' <Predicate = true> <Delay = 0.00>
ST_2 : Operation 13 [1/1] (0.62ns)   --->   "%i = add i2 %i_0, 1" [prj_matmul/matmul.c:7]   --->   Operation 13 'add' 'i' <Predicate = true> <Delay = 0.62> <Core = "AddSub">   --->   Core 14 'AddSub' <Latency = 0> <II = 1> <Delay = 1.20> <FuncUnit> <Opcode : 'add' 'sub'> <InPorts = 2> <OutPorts = 1>
ST_2 : Operation 14 [1/1] (0.00ns)   --->   "br i1 %icmp_ln7, label %4, label %1" [prj_matmul/matmul.c:7]   --->   Operation 14 'br' <Predicate = true> <Delay = 0.00>
ST_2 : Operation 15 [1/1] (0.00ns)   --->   "%zext_ln8 = zext i2 %i_0 to i64" [prj_matmul/matmul.c:8]   --->   Operation 15 'zext' 'zext_ln8' <Predicate = (!icmp_ln7)> <Delay = 0.00>
ST_2 : Operation 16 [1/1] (0.00ns)   --->   "%zext_ln10_1 = zext i2 %i_0 to i5" [prj_matmul/matmul.c:10]   --->   Operation 16 'zext' 'zext_ln10_1' <Predicate = (!icmp_ln7)> <Delay = 0.00>
ST_2 : Operation 17 [1/1] (0.00ns)   --->   "%tmp = call i4 @_ssdm_op_BitConcatenate.i4.i2.i2(i2 %i_0, i2 0)" [prj_matmul/matmul.c:10]   --->   Operation 17 'bitconcatenate' 'tmp' <Predicate = (!icmp_ln7)> <Delay = 0.00>
ST_2 : Operation 18 [1/1] (0.00ns)   --->   "%zext_ln10_2 = zext i4 %tmp to i5" [prj_matmul/matmul.c:10]   --->   Operation 18 'zext' 'zext_ln10_2' <Predicate = (!icmp_ln7)> <Delay = 0.00>
ST_2 : Operation 19 [1/1] (0.86ns)   --->   "%sub_ln10 = sub i5 %zext_ln10_2, %zext_ln10_1" [prj_matmul/matmul.c:10]   --->   Operation 19 'sub' 'sub_ln10' <Predicate = (!icmp_ln7)> <Delay = 0.86> <Core = "AddSub">   --->   Core 14 'AddSub' <Latency = 0> <II = 1> <Delay = 1.20> <FuncUnit> <Opcode : 'add' 'sub'> <InPorts = 2> <OutPorts = 1>
ST_2 : Operation 20 [1/1] (0.00ns)   --->   "%result_addr = getelementptr [3 x i32]* %result, i64 0, i64 %zext_ln8" [prj_matmul/matmul.c:8]   --->   Operation 20 'getelementptr' 'result_addr' <Predicate = (!icmp_ln7)> <Delay = 0.00>
ST_2 : Operation 21 [1/1] (0.75ns)   --->   "br label %2" [prj_matmul/matmul.c:9]   --->   Operation 21 'br' <Predicate = (!icmp_ln7)> <Delay = 0.75>
ST_2 : Operation 22 [1/1] (0.00ns)   --->   "ret void" [prj_matmul/matmul.c:13]   --->   Operation 22 'ret' <Predicate = (icmp_ln7)> <Delay = 0.00>

State 3 <SV = 2> <Delay = 1.66>
ST_3 : Operation 23 [1/1] (0.00ns)   --->   "%result_load = phi i32 [ 0, %1 ], [ %add_ln10, %3 ]" [prj_matmul/matmul.c:10]   --->   Operation 23 'phi' 'result_load' <Predicate = true> <Delay = 0.00>
ST_3 : Operation 24 [1/1] (0.00ns)   --->   "%j_0 = phi i2 [ 0, %1 ], [ %j, %3 ]"   --->   Operation 24 'phi' 'j_0' <Predicate = true> <Delay = 0.00>
ST_3 : Operation 25 [1/1] (0.79ns)   --->   "store i32 %result_load, i32* %result_addr, align 4" [prj_matmul/matmul.c:10]   --->   Operation 25 'store' <Predicate = true> <Delay = 0.79> <Core = "RAM">   --->   Core 37 'RAM' <Latency = 1> <II = 1> <Delay = 0.79> <Storage> <Opcode : 'load' 'store'> <Ports = 2> <Width = 32> <Depth = 3> <RAM>
ST_3 : Operation 26 [1/1] (0.51ns)   --->   "%icmp_ln9 = icmp eq i2 %j_0, -1" [prj_matmul/matmul.c:9]   --->   Operation 26 'icmp' 'icmp_ln9' <Predicate = true> <Delay = 0.51> <Core = "Cmp">   --->   Core 25 'Cmp' <Latency = 0> <II = 1> <Delay = 0.51> <FuncUnit> <Opcode : 'icmp'> <InPorts = 2> <OutPorts = 1>
ST_3 : Operation 27 [1/1] (0.00ns)   --->   "%empty_2 = call i32 (...)* @_ssdm_op_SpecLoopTripCount(i64 3, i64 3, i64 3) nounwind"   --->   Operation 27 'speclooptripcount' 'empty_2' <Predicate = true> <Delay = 0.00>
ST_3 : Operation 28 [1/1] (0.62ns)   --->   "%j = add i2 %j_0, 1" [prj_matmul/matmul.c:9]   --->   Operation 28 'add' 'j' <Predicate = true> <Delay = 0.62> <Core = "AddSub">   --->   Core 14 'AddSub' <Latency = 0> <II = 1> <Delay = 1.20> <FuncUnit> <Opcode : 'add' 'sub'> <InPorts = 2> <OutPorts = 1>
ST_3 : Operation 29 [1/1] (0.00ns)   --->   "br i1 %icmp_ln9, label %.loopexit.loopexit, label %3" [prj_matmul/matmul.c:9]   --->   Operation 29 'br' <Predicate = true> <Delay = 0.00>
ST_3 : Operation 30 [1/1] (0.00ns)   --->   "%zext_ln10 = zext i2 %j_0 to i64" [prj_matmul/matmul.c:10]   --->   Operation 30 'zext' 'zext_ln10' <Predicate = (!icmp_ln9)> <Delay = 0.00>
ST_3 : Operation 31 [1/1] (0.00ns)   --->   "%zext_ln10_3 = zext i2 %j_0 to i5" [prj_matmul/matmul.c:10]   --->   Operation 31 'zext' 'zext_ln10_3' <Predicate = (!icmp_ln9)> <Delay = 0.00>
ST_3 : Operation 32 [1/1] (0.87ns)   --->   "%add_ln10_1 = add i5 %sub_ln10, %zext_ln10_3" [prj_matmul/matmul.c:10]   --->   Operation 32 'add' 'add_ln10_1' <Predicate = (!icmp_ln9)> <Delay = 0.87> <Core = "AddSub">   --->   Core 14 'AddSub' <Latency = 0> <II = 1> <Delay = 1.20> <FuncUnit> <Opcode : 'add' 'sub'> <InPorts = 2> <OutPorts = 1>
ST_3 : Operation 33 [1/1] (0.00ns)   --->   "%sext_ln10 = sext i5 %add_ln10_1 to i64" [prj_matmul/matmul.c:10]   --->   Operation 33 'sext' 'sext_ln10' <Predicate = (!icmp_ln9)> <Delay = 0.00>
ST_3 : Operation 34 [1/1] (0.00ns)   --->   "%mat_addr = getelementptr [9 x i32]* %mat, i64 0, i64 %sext_ln10" [prj_matmul/matmul.c:10]   --->   Operation 34 'getelementptr' 'mat_addr' <Predicate = (!icmp_ln9)> <Delay = 0.00>
ST_3 : Operation 35 [2/2] (0.79ns)   --->   "%mat_load = load i32* %mat_addr, align 4" [prj_matmul/matmul.c:10]   --->   Operation 35 'load' 'mat_load' <Predicate = (!icmp_ln9)> <Delay = 0.79> <Core = "RAM">   --->   Core 37 'RAM' <Latency = 1> <II = 1> <Delay = 0.79> <Storage> <Opcode : 'load' 'store'> <Ports = 2> <Width = 32> <Depth = 3> <RAM>
ST_3 : Operation 36 [1/1] (0.00ns)   --->   "%vec_addr = getelementptr [3 x i32]* %vec, i64 0, i64 %zext_ln10" [prj_matmul/matmul.c:10]   --->   Operation 36 'getelementptr' 'vec_addr' <Predicate = (!icmp_ln9)> <Delay = 0.00>
ST_3 : Operation 37 [2/2] (0.79ns)   --->   "%vec_load = load i32* %vec_addr, align 4" [prj_matmul/matmul.c:10]   --->   Operation 37 'load' 'vec_load' <Predicate = (!icmp_ln9)> <Delay = 0.79> <Core = "RAM">   --->   Core 37 'RAM' <Latency = 1> <II = 1> <Delay = 0.79> <Storage> <Opcode : 'load' 'store'> <Ports = 2> <Width = 32> <Depth = 3> <RAM>
ST_3 : Operation 38 [1/1] (0.00ns)   --->   "br label %.loopexit"   --->   Operation 38 'br' <Predicate = (icmp_ln9)> <Delay = 0.00>

State 4 <SV = 3> <Delay = 5.87>
ST_4 : Operation 39 [1/2] (0.79ns)   --->   "%mat_load = load i32* %mat_addr, align 4" [prj_matmul/matmul.c:10]   --->   Operation 39 'load' 'mat_load' <Predicate = true> <Delay = 0.79> <Core = "RAM">   --->   Core 37 'RAM' <Latency = 1> <II = 1> <Delay = 0.79> <Storage> <Opcode : 'load' 'store'> <Ports = 2> <Width = 32> <Depth = 3> <RAM>
ST_4 : Operation 40 [1/2] (0.79ns)   --->   "%vec_load = load i32* %vec_addr, align 4" [prj_matmul/matmul.c:10]   --->   Operation 40 'load' 'vec_load' <Predicate = true> <Delay = 0.79> <Core = "RAM">   --->   Core 37 'RAM' <Latency = 1> <II = 1> <Delay = 0.79> <Storage> <Opcode : 'load' 'store'> <Ports = 2> <Width = 32> <Depth = 3> <RAM>
ST_4 : Operation 41 [1/1] (3.88ns)   --->   "%mul_ln10 = mul nsw i32 %vec_load, %mat_load" [prj_matmul/matmul.c:10]   --->   Operation 41 'mul' 'mul_ln10' <Predicate = true> <Delay = 3.88> <Core = "Mul">   --->   Core 16 'Mul' <Latency = 0> <II = 1> <Delay = 3.88> <FuncUnit> <Opcode : 'mul'> <InPorts = 2> <OutPorts = 1>
ST_4 : Operation 42 [1/1] (1.20ns)   --->   "%add_ln10 = add nsw i32 %mul_ln10, %result_load" [prj_matmul/matmul.c:10]   --->   Operation 42 'add' 'add_ln10' <Predicate = true> <Delay = 1.20> <Core = "AddSub">   --->   Core 14 'AddSub' <Latency = 0> <II = 1> <Delay = 1.20> <FuncUnit> <Opcode : 'add' 'sub'> <InPorts = 2> <OutPorts = 1>
ST_4 : Operation 43 [1/1] (0.00ns)   --->   "br label %2" [prj_matmul/matmul.c:9]   --->   Operation 43 'br' <Predicate = true> <Delay = 0.00>


============================================================
+ Verbose Summary: Timing violations
============================================================
Target clock period: 10ns, clock uncertainty: 1.25ns.

 <State 1>: 0.755ns
The critical path consists of the following:
	multiplexor before 'phi' operation ('i') with incoming values : ('i', prj_matmul/matmul.c:7) [10]  (0.755 ns)

 <State 2>: 0.868ns
The critical path consists of the following:
	'phi' operation ('i') with incoming values : ('i', prj_matmul/matmul.c:7) [10]  (0 ns)
	'sub' operation ('sub_ln10', prj_matmul/matmul.c:10) [20]  (0.868 ns)

 <State 3>: 1.67ns
The critical path consists of the following:
	'phi' operation ('j') with incoming values : ('j', prj_matmul/matmul.c:9) [25]  (0 ns)
	'add' operation ('add_ln10_1', prj_matmul/matmul.c:10) [34]  (0.878 ns)
	'getelementptr' operation ('mat_addr', prj_matmul/matmul.c:10) [36]  (0 ns)
	'load' operation ('mat_load', prj_matmul/matmul.c:10) on array 'mat' [37]  (0.79 ns)

 <State 4>: 5.87ns
The critical path consists of the following:
	'load' operation ('mat_load', prj_matmul/matmul.c:10) on array 'mat' [37]  (0.79 ns)
	'mul' operation ('mul_ln10', prj_matmul/matmul.c:10) [40]  (3.88 ns)
	'add' operation ('add_ln10', prj_matmul/matmul.c:10) [41]  (1.2 ns)


============================================================
+ Verbose Summary: Binding
============================================================
N/A
* FSMD analyzer results:
  - Output states:
 - Input state : 
  - Chain level:
	State 1
	State 2
	State 3
	State 4


============================================================
+ Verbose Summary: Datapath Resource usage 
============================================================
N/A
