

================================================================
== Vivado HLS Report for 'matrix_vector_mult'
================================================================
* Date:           Mon Aug 31 20:20:04 2026

* Version:        2019.1 (Build 2552052 on Fri May 24 15:28:33 MDT 2019)
* Project:        prj_matmul
* Solution:       solution1
* Product family: zynquplus
* Target device:  xczu3eg-sbva484-1-i


================================================================
== Performance Estimates
================================================================
+ Timing (ns): 
    * Summary: 
    +--------+-------+----------+------------+
    |  Clock | Target| Estimated| Uncertainty|
    +--------+-------+----------+------------+
    |ap_clk  |  10.00|     5.873|        1.25|
    +--------+-------+----------+------------+

+ Latency (clock cycles): 
    * Summary: 
    +-----+-----+-----+-----+---------+
    |  Latency  |  Interval | Pipeline|
    | min | max | min | max |   Type  |
    +-----+-----+-----+-----+---------+
    |   25|   25|   25|   25|   none  |
    +-----+-----+-----+-----+---------+

    + Detail: 
        * Instance: 
        N/A

        * Loop: 
        +-------------+-----+-----+----------+-----------+-----------+------+----------+
        |             |  Latency  | Iteration|  Initiation Interval  | Trip |          |
        |  Loop Name  | min | max |  Latency |  achieved |   target  | Count| Pipelined|
        +-------------+-----+-----+----------+-----------+-----------+------+----------+
        |- Loop 1     |   24|   24|         8|          -|          -|     3|    no    |
        | + Loop 1.1  |    6|    6|         2|          -|          -|     3|    no    |
        +-------------+-----+-----+----------+-----------+-----------+------+----------+

============================================================
+ Verbose Summary: Synthesis Manager
============================================================
InlineROM: 1
ExposeGlobal: 0
============================================================
+ Verbose Summary: CDFG Model
============================================================
IsTopModel: 1
ResetActiveHigh: 1
IsCombinational: 0
IsDatapathOnly: 0
HasWiredReturn: 1
HasMFsm: 0
HasVarLatency: 1
IsPipeline: 0
IsRtlPipelined: 0
IsInstanceOverlapped: 0
IsDontTouch: 0
HasImplIP: 0
IsGatedGlobalClock: 0


============================================================
+ Verbose Summary: Schedule
============================================================
* Number of FSM states : 4
* Pipeline : 0
* Dataflow Pipeline: 0

* FSM state transitions: 
1 --> 2 
2 --> 3 
3 --> 4 2 
4 --> 3 

* FSM state operations: 

State 1 <SV = 0> <Delay = 0.75>
ST_1 : Operation 5 [1/1] (0.00ns)   --->   "call void (...)* @_ssdm_op_SpecBitsMap([9 x i32]* %mat) nounwind, !map !7"   --->   Operation 5 'specbitsmap' <Predicate = true> <Delay = 0.00>
ST_1 : Operation 6 [1/1] (0.00ns)   --->   "call void (...)* @_ssdm_op_SpecBitsMap([3 x i32]* %vec) nounwind, !map !13"   --->   Operation 6 'specbitsmap' <Predicate = true> <Delay = 0.00>
ST_1 : Operation 7 [1/1] (0.00ns)   --->   "call void (...)* @_ssdm_op_SpecBitsMap([3 x i32]* %result) nounwind, !map !18"   --->   Operation 7 'specbitsmap' <Predicate = true> <Delay = 0.00>
ST_1 : Operation 8 [1/1] (0.00ns)   --->   "call void (...)* @_ssdm_op_SpecTopModule([19 x i8]* @matrix_vector_mult_s) nounwind"   --->   Operation 8 'spectopmodule' <Predicate = true> <Delay = 0.00>
ST_1 : Operation 9 [1/1] (0.75ns)   --->   "br label %.loopexit" [prj_matmul/matmul.c:7]   --->   Operation 9 'br' <Predicate = true> <Delay = 0.75>

State 2 <SV = 1> <Delay = 0.86>
ST_2 : Operation 10 [1/1] (0.00ns)   --->   "%i_0 = phi i2 [ 0, %0 ], [ %i, %.loopexit.loopexit ]"   --->   Operation 10 'phi' 'i_0' <Predicate = true> <Delay = 0.00>
ST_2 : Operation 11 [1/1] (0.51ns)   --->   "%icmp_ln7 = icmp eq i2 %i_0, -1" [prj_matmul/matmul.c:7]   --->   Operation 11 'icmp' 'icmp_ln7' <Predicate = true> <Delay = 0.51> <Core = "Cmp">   --->   Core 25 'Cmp' <Latency = 0> <II = 1> <Delay = 0.51> <FuncUnit> <Opcode : 'icmp'> <InPorts = 2> <OutPorts = 1>
ST_2 : Operation 12 [1/1] (0.00ns)   --->   "%empty = call i32 (...)* @_ssdm_op_SpecLoopTripCount(i64 3, i64 3, i64 3) nounwind"   --->   Operation 12 'speclooptripcount' 'empty' <Predicate = true> <Delay = 0.00>
ST_2 : Operation 13 [1/1] (0.62ns)   --->   "%i = add i2 %i_0, 1" [prj_matmul/matmul.c:7]   --->   Operation 13 'add' 'i' <Predicate = true> <Delay = 0.62> <Core = "AddSub">   --->   Core 14 'AddSub' <Latency = 0> <II = 1> <Delay = 1.20> <FuncUnit> <Opcode : 'add' 'sub'> <InPorts = 2> <OutPorts = 1>
ST_2 : Operation 14 [1/1] (0.00ns)   --->   "br i1 %icmp_ln7, label %4, label %1" [prj_matmul/matmul.c:7]   --->   Operation 14 'br' <Predicate = true> <Delay = 0.00>
ST_2 : Operation 15 [1/1] (0.00ns)   --->   "%zext_ln8 = zext i2 %i_0 to i64" [prj_matmul/matmul.c:8]   --->   Operation 15 'zext' 'zext_ln8' <Predicate = (!icmp_ln7)> <Delay = 0.00>
ST_2 : Operation 16 [1/1] (0.00ns)   --->   "%zext_ln10_1 = zext i2 %i_0 to i5" [prj_matmul/matmul.c:10]   --->   Operation 16 'zext' 'zext_ln10_1' <Predicate = (!icmp_ln7)> <Delay = 0.00>
ST_2 : Operation 17 [1/1] (0.00ns)   --->   "%tmp = call i4 @_ssdm_op_BitConcatenate.i4.i2.i2(i2 %i_0, i2 0)" [prj_matmul/matmul.c:10]   --->   Operation 17 'bitconcatenate' 'tmp' <Predicate = (!icmp_ln7)> <Delay = 0.00>
ST_2 : Operation 18 [1/1] (0.00ns)   --->   "%zext_ln10_2 = zext i4 %tmp to i5" [prj_matmul/matmul.c:10]   --->   Operation 18 'zext' 'zext_ln10_2' <Predicate = (!icmp_ln7)> <Delay = 0.00>
ST_2 : Operation 19 [1/1] (0.86ns)   --->   "%sub_ln10 = sub i5 %zext_ln10_2, %zext_ln10_1" [prj_matmul/matmul.c:10]   --->   Operation 19 'sub' 'sub_ln10' <Predicate = (!icmp_ln7)> <Delay = 0.86> <Core = "AddSub">   --->   Core 14 'AddSub' <Latency = 0> <II = 1> <Delay = 1.20> <FuncUnit> <Opcode : 'add' 'sub'> <InPorts = 2> <OutPorts = 1>
ST_2 : Operation 20 [1/1] (0.00ns)   --->   "%result_addr = getelementptr [3 x i32]* %result, i64 0, i64 %zext_ln8" [prj_matmul/matmul.c:8]   --->   Operation 20 'getelementptr' 'result_addr' <Predicate = (!icmp_ln7)> <Delay = 0.00>
ST_2 : Operation 21 [1/1] (0.75ns)   --->   "br label %2" [prj_matmul/matmul.c:9]   --->   Operation 21 'br' <Predicate = (!icmp_ln7)> <Delay = 0.75>
ST_2 : Operation 22 [1/1] (0.00ns)   --->   "ret void" [prj_matmul/matmul.c:13]   --->   Operation 22 'ret' <Predicate = (icmp_ln7)> <Delay = 0.00>

State 3 <SV = 2> <Delay = 1.66>
ST_3 : Operation 23 [1/1] (0.00ns)   --->   "%result_load = phi i32 [ 0, %1 ], [ %add_ln10, %3 ]" [prj_matmul/matmul.c:10]   --->   Operation 23 'phi' 'result_load' <Predicate = true> <Delay = 0.00>
ST_3 : Operation 24 [1/1] (0.00ns)   --->   "%j_0 = phi i2 [ 0, %1 ], [ %j, %3 ]"   --->   Operation 24 'phi' 'j_0' <Predicate = true> <Delay = 0.00>
ST_3 : Operation 25 [1/1] (0.79ns)   --->   "store i32 %result_load, i32* %result_addr, align 4" [prj_matmul/matmul.c:10]   --->   Operation 25 'store' <Predicate = true> <Delay = 0.79> <Core = "RAM">   --->   Core 37 'RAM' <Latency = 1> <II = 1> <Delay = 0.79> <Storage> <Opcode : 'load' 'store'> <Ports = 2> <Width = 32> <Depth = 3> <RAM>
ST_3 : Operation 26 [1/1] (0.51ns)   --->   "%icmp_ln9 = icmp eq i2 %j_0, -1" [prj_matmul/matmul.c:9]   --->   Operation 26 'icmp' 'icmp_ln9' <Predicate = true> <Delay = 0.51> <Core = "Cmp">   --->   Core 25 'Cmp' <Latency = 0> <II = 1> <Delay = 0.51> <FuncUnit> <Opcode : 'icmp'> <InPorts = 2> <OutPorts = 1>
ST_3 : Operation 27 [1/1] (0.00ns)   --->   "%empty_2 = call i32 (...)* @_ssdm_op_SpecLoopTripCount(i64 3, i64 3, i64 3) nounwind"   --->   Operation 27 'speclooptripcount' 'empty_2' <Predicate = true> <Delay = 0.00>
ST_3 : Operation 28 [1/1] (0.62ns)   --->   "%j = add i2 %j_0, 1" [prj_matmul/matmul.c:9]   --->   Operation 28 'add' 'j' <Predicate = true> <Delay = 0.62> <Core = "AddSub">   --->   Core 14 'AddSub' <Latency = 0> <II = 1> <Delay = 1.20> <FuncUnit> <Opcode : 'add' 'sub'> <InPorts = 2> <OutPorts = 1>
ST_3 : Operation 29 [1/1] (0.00ns)   --->   "br i1 %icmp_ln9, label %.loopexit.loopexit, label %3" [prj_matmul/matmul.c:9]   --->   Operation 29 'br' <Predicate = true> <Delay = 0.00>
ST_3 : Operation 30 [1/1] (0.00ns)   --->   "%zext_ln10 = zext i2 %j_0 to i64" [prj_matmul/matmul.c:10]   --->   Operation 30 'zext' 'zext_ln10' <Predicate = (!icmp_ln9)> <Delay = 0.00>
ST_3 : Operation 31 [1/1] (0.00ns)   --->   "%zext_ln10_3 = zext i2 %j_0 to i5" [prj_matmul/matmul.c:10]   --->   Operation 31 'zext' 'zext_ln10_3' <Predicate = (!icmp_ln9)> <Delay = 0.00>
ST_3 : Operation 32 [1/1] (0.87ns)   --->   "%add_ln10_1 = add i5 %sub_ln10, %zext_ln10_3" [prj_matmul/matmul.c:10]   --->   Operation 32 'add' 'add_ln10_1' <Predicate = (!icmp_ln9)> <Delay = 0.87> <Core = "AddSub">   --->   Core 14 'AddSub' <Latency = 0> <II = 1> <Delay = 1.20> <FuncUnit> <Opcode : 'add' 'sub'> <InPorts = 2> <OutPorts = 1>
ST_3 : Operation 33 [1/1] (0.00ns)   --->   "%sext_ln10 = sext i5 %add_ln10_1 to i64" [prj_matmul/matmul.c:10]   --->   Operation 33 'sext' 'sext_ln10' <Predicate = (!icmp_ln9)> <Delay = 0.00>
ST_3 : Operation 34 [1/1] (0.00ns)   --->   "%mat_addr = getelementptr [9 x i32]* %mat, i64 0, i64 %sext_ln10" [prj_matmul/matmul.c:10]   --->   Operation 34 'getelementptr' 'mat_addr' <Predicate = (!icmp_ln9)> <Delay = 0.00>
ST_3 : Operation 35 [2/2] (0.79ns)   --->   "%mat_load = load i32* %mat_addr, align 4" [prj_matmul/matmul.c:10]   --->   Operation 35 'load' 'mat_load' <Predicate = (!icmp_ln9)> <Delay = 0.79> <Core = "RAM">   --->   Core 37 'RAM' <Latency = 1> <II = 1> <Delay = 0.79> <Storage> <Opcode : 'load' 'store'> <Ports = 2> <Width = 32> <Depth = 3> <RAM>
ST_3 : Operation 36 [1/1] (0.00ns)   --->   "%vec_addr = getelementptr [3 x i32]* %vec, i64 0, i64 %zext_ln10" [prj_matmul/matmul.c:10]   --->   Operation 36 'getelementptr' 'vec_addr' <Predicate = (!icmp_ln9)> <Delay = 0.00>
ST_3 : Operation 37 [2/2] (0.79ns)   --->   "%vec_load = load i32* %vec_addr, align 4" [prj_matmul/matmul.c:10]   --->   Operation 37 'load' 'vec_load' <Predicate = (!icmp_ln9)> <Delay = 0.79> <Core = "RAM">   --->   Core 37 'RAM' <Latency = 1> <II = 1> <Delay = 0.79> <Storage> <Opcode : 'load' 'store'> <Ports = 2> <Width = 32> <Depth = 3> <RAM>
ST_3 : Operation 38 [1/1] (0.00ns)   --->   "br label %.loopexit"   --->   Operation 38 'br' <Predicate = (icmp_ln9)> <Delay = 0.00>

State 4 <SV = 3> <Delay = 5.87>
ST_4 : Operation 39 [1/2] (0.79ns)   --->   "%mat_load = load i32* %mat_addr, align 4" [prj_matmul/matmul.c:10]   --->   Operation 39 'load' 'mat_load' <Predicate = true> <Delay = 0.79> <Core = "RAM">   --->   Core 37 'RAM' <Latency = 1> <II = 1> <Delay = 0.79> <Storage> <Opcode : 'load' 'store'> <Ports = 2> <Width = 32> <Depth = 3> <RAM>
ST_4 : Operation 40 [1/2] (0.79ns)   --->   "%vec_load = load i32* %vec_addr, align 4" [prj_matmul/matmul.c:10]   --->   Operation 40 'load' 'vec_load' <Predicate = true> <Delay = 0.79> <Core = "RAM">   --->   Core 37 'RAM' <Latency = 1> <II = 1> <Delay = 0.79> <Storage> <Opcode : 'load' 'store'> <Ports = 2> <Width = 32> <Depth = 3> <RAM>
ST_4 : Operation 41 [1/1] (3.88ns)   --->   "%mul_ln10 = mul nsw i32 %vec_load, %mat_load" [prj_matmul/matmul.c:10]   --->   Operation 41 'mul' 'mul_ln10' <Predicate = true> <Delay = 3.88> <Core = "Mul">   --->   Core 16 'Mul' <Latency = 0> <II = 1> <Delay = 3.88> <FuncUnit> <Opcode : 'mul'> <InPorts = 2> <OutPorts = 1>
ST_4 : Operation 42 [1/1] (1.20ns)   --->   "%add_ln10 = add nsw i32 %mul_ln10, %result_load" [prj_matmul/matmul.c:10]   --->   Operation 42 'add' 'add_ln10' <Predicate = true> <Delay = 1.20> <Core = "AddSub">   --->   Core 14 'AddSub' <Latency = 0> <II = 1> <Delay = 1.20> <FuncUnit> <Opcode : 'add' 'sub'> <InPorts = 2> <OutPorts = 1>
ST_4 : Operation 43 [1/1] (0.00ns)   --->   "br label %2" [prj_matmul/matmul.c:9]   --->   Operation 43 'br' <Predicate = true> <Delay = 0.00>


============================================================
+ Verbose Summary: Binding
============================================================
STG Binding: 
---------------- STG Properties BEGIN ----------------
- Is combinational: 0
- Is one-state seq: 0
- Is datapath-only: 0
- Is pipelined: 0
- Is top level: 1
Port [ Return ] is wired: 1; IO mode=ap_ctrl_hs:ce=0
Port [ mat]:  wired=1; compound=1; hidden=0; nouse=0; global=0; static=0; extern=0; dir=0; type=1; pingpong=0; private_global=0; MemPort=[13]; IO mode=ap_memory:ce=0
Port [ vec]:  wired=1; compound=1; hidden=0; nouse=0; global=0; static=0; extern=0; dir=0; type=1; pingpong=0; private_global=0; MemPort=[13]; IO mode=ap_memory:ce=0
Port [ result]:  wired=1; compound=1; hidden=0; nouse=0; global=0; static=0; extern=0; dir=1; type=1; pingpong=0; private_global=0; MemPort=[03]; IO mode=ap_memory:ce=0
---------------- STG Properties END ------------------

---------------- Datapath Model BEGIN ----------------

<LifeTime>
<method=bitvector/>
specbitsmap_ln0   (specbitsmap      ) [ 00000]
specbitsmap_ln0   (specbitsmap      ) [ 00000]
specbitsmap_ln0   (specbitsmap      ) [ 00000]
spectopmodule_ln0 (spectopmodule    ) [ 00000]
br_ln7            (br               ) [ 01111]
i_0               (phi              ) [ 00100]
icmp_ln7          (icmp             ) [ 00111]
empty             (speclooptripcount) [ 00000]
i                 (add              ) [ 01111]
br_ln7            (br               ) [ 00000]
zext_ln8          (zext             ) [ 00000]
zext_ln10_1       (zext             ) [ 00000]
tmp               (bitconcatenate   ) [ 00000]
zext_ln10_2       (zext             ) [ 00000]
sub_ln10          (sub              ) [ 00011]
result_addr       (getelementptr    ) [ 00011]
br_ln9            (br               ) [ 00111]
ret_ln13          (ret              ) [ 00000]
result_load       (phi              ) [ 00011]
j_0               (phi              ) [ 00010]
store_ln10        (store            ) [ 00000]
icmp_ln9          (icmp             ) [ 00111]
empty_2           (speclooptripcount) [ 00000]
j                 (add              ) [ 00111]
br_ln9            (br               ) [ 00000]
zext_ln10         (zext             ) [ 00000]
zext_ln10_3       (zext             ) [ 00000]
add_ln10_1        (add              ) [ 00000]
sext_ln10         (sext             ) [ 00000]
mat_addr          (getelementptr    ) [ 00001]
vec_addr          (getelementptr    ) [ 00001]
br_ln0            (br               ) [ 01111]
mat_load          (load             ) [ 00000]
vec_load          (load             ) [ 00000]
mul_ln10          (mul              ) [ 00000]
add_ln10          (add              ) [ 00111]
br_ln9            (br               ) [ 00111]
</LifeTime>

<model>

<comp_list>
<comp id="0" class="1000" name="mat">
<pin_list>
<pin id="1" dir="1" index="0" bw="1" slack="0"/>
</pin_list>
<bind>
<StgValue><ssdm name="mat"/><MemPortTyVec>1 3 </MemPortTyVec>
</StgValue>
</bind>
</comp>

<comp id="2" class="1000" name="vec">
<pin_list>
<pin id="3" dir="1" index="0" bw="1" slack="0"/>
</pin_list>
<bind>
<StgValue><ssdm name="vec"/><MemPortTyVec>1 3 </MemPortTyVec>
</StgValue>
</bind>
</comp>

<comp id="4" class="1000" name="result">
<pin_list>
<pin id="5" dir="1" index="0" bw="1" slack="0"/>
</pin_list>
<bind>
<StgValue><ssdm name="result"/><MemPortTyVec>0 3 </MemPortTyVec>
</StgValue>
</bind>
</comp>

<comp id="6" class="1001" name="const_6">
<pin_list>
<pin id="7" dir="1" index="0" bw="1" slack="2147483647"/>
</pin_list>
<bind>
<StgValue><ssdm name="_ssdm_op_SpecBitsMap"/></StgValue>
</bind>
</comp>

<comp id="8" class="1001" name="const_8">
<pin_list>
<pin id="9" dir="1" index="0" bw="1" slack="2147483647"/>
</pin_list>
<bind>
<StgValue><ssdm name="_ssdm_op_SpecTopModule"/></StgValue>
</bind>
</comp>

<comp id="10" class="1001" name="const_10">
<pin_list>
<pin id="11" dir="1" index="0" bw="1" slack="2147483647"/>
</pin_list>
<bind>
<StgValue><ssdm name="matrix_vector_mult_s"/></StgValue>
</bind>
</comp>

<comp id="12" class="1001" name="const_12">
<pin_list>
<pin id="13" dir="1" index="0" bw="1" slack="0"/>
</pin_list>
<bind>
<StgValue><ssdm name=""/></StgValue>
</bind>
</comp>

<comp id="14" class="1001" name="const_14">
<pin_list>
<pin id="15" dir="1" index="0" bw="1" slack="0"/>
</pin_list>
<bind>
<StgValue><ssdm name=""/></StgValue>
</bind>
</comp>

<comp id="16" class="1001" name="const_16">
<pin_list>
<pin id="17" dir="1" index="0" bw="1" slack="2147483647"/>
</pin_list>
<bind>
<StgValue><ssdm name="_ssdm_op_SpecLoopTripCount"/></StgValue>
</bind>
</comp>

<comp id="18" class="1001" name="const_18">
<pin_list>
<pin id="19" dir="1" index="0" bw="1" slack="2147483647"/>
</pin_list>
<bind>
<StgValue><ssdm name=""/></StgValue>
</bind>
</comp>

<comp id="20" class="1001" name="const_20">
<pin_list>
<pin id="21" dir="1" index="0" bw="1" slack="0"/>
</pin_list>
<bind>
<StgValue><ssdm name=""/></StgValue>
</bind>
</comp>

<comp id="22" class="1001" name="const_22">
<pin_list>
<pin id="23" dir="1" index="0" bw="1" slack="0"/>
</pin_list>
<bind>
<StgValue><ssdm name="_ssdm_op_BitConcatenate.i4.i2.i2"/></StgValue>
</bind>
</comp>

<comp id="24" class="1001" name="const_24">
<pin_list>
<pin id="25" dir="1" index="0" bw="1" slack="0"/>
</pin_list>
<bind>
<StgValue><ssdm name=""/></StgValue>
</bind>
</comp>

<comp id="26" class="1001" name="const_26">
<pin_list>
<pin id="27" dir="1" index="0" bw="1" slack="1"/>
</pin_list>
<bind>
<StgValue><ssdm name=""/></StgValue>
</bind>
</comp>

<comp id="28" class="1004" name="result_addr_gep_fu_28">
<pin_list>
<pin id="29" dir="0" index="0" bw="32" slack="0"/>
<pin id="30" dir="0" index="1" bw="1" slack="0"/>
<pin id="31" dir="0" index="2" bw="2" slack="0"/>
<pin id="32" dir="1" index="3" bw="2" slack="1"/>
</pin_list>
<bind>
<opcode="getelementptr(29) " fcode="getelementptr"/>
<opset="result_addr/2 "/>
</bind>
</comp>

<comp id="35" class="1004" name="store_ln10_access_fu_35">
<pin_list>
<pin id="36" dir="0" index="0" bw="2" slack="1"/>
<pin id="37" dir="0" index="1" bw="32" slack="0"/>
<pin id="38" dir="0" index="2" bw="0" slack="2147483647"/>
<pin id="39" dir="1" index="3" bw="32" slack="2147483647"/>
</pin_list>
<bind>
<opcode="store(28) " fcode="store"/>
<opset="store_ln10/3 "/>
</bind>
</comp>

<comp id="40" class="1004" name="mat_addr_gep_fu_40">
<pin_list>
<pin id="41" dir="0" index="0" bw="32" slack="0"/>
<pin id="42" dir="0" index="1" bw="1" slack="0"/>
<pin id="43" dir="0" index="2" bw="5" slack="0"/>
<pin id="44" dir="1" index="3" bw="4" slack="0"/>
</pin_list>
<bind>
<opcode="getelementptr(29) " fcode="getelementptr"/>
<opset="mat_addr/3 "/>
</bind>
</comp>

<comp id="47" class="1004" name="grp_access_fu_47">
<pin_list>
<pin id="48" dir="0" index="0" bw="4" slack="0"/>
<pin id="49" dir="0" index="1" bw="32" slack="2147483647"/>
<pin id="50" dir="0" index="2" bw="0" slack="2147483647"/>
<pin id="51" dir="1" index="3" bw="32" slack="0"/>
</pin_list>
<bind>
<opcode="load(27) " fcode="load"/>
<opset="mat_load/3 "/>
</bind>
</comp>

<comp id="53" class="1004" name="vec_addr_gep_fu_53">
<pin_list>
<pin id="54" dir="0" index="0" bw="32" slack="0"/>
<pin id="55" dir="0" index="1" bw="1" slack="0"/>
<pin id="56" dir="0" index="2" bw="2" slack="0"/>
<pin id="57" dir="1" index="3" bw="2" slack="0"/>
</pin_list>
<bind>
<opcode="getelementptr(29) " fcode="getelementptr"/>
<opset="vec_addr/3 "/>
</bind>
</comp>

<comp id="60" class="1004" name="grp_access_fu_60">
<pin_list>
<pin id="61" dir="0" index="0" bw="2" slack="0"/>
<pin id="62" dir="0" index="1" bw="32" slack="2147483647"/>
<pin id="63" dir="0" index="2" bw="0" slack="2147483647"/>
<pin id="64" dir="1" index="3" bw="32" slack="0"/>
</pin_list>
<bind>
<opcode="load(27) " fcode="load"/>
<opset="vec_load/3 "/>
</bind>
</comp>

<comp id="66" class="1005" name="i_0_reg_66">
<pin_list>
<pin id="67" dir="0" index="0" bw="2" slack="1"/>
<pin id="68" dir="1" index="1" bw="2" slack="1"/>
</pin_list>
<bind>
<opset="i_0 (phireg) "/>
</bind>
</comp>

<comp id="70" class="1004" name="i_0_phi_fu_70">
<pin_list>
<pin id="71" dir="0" index="0" bw="1" slack="1"/>
<pin id="72" dir="0" index="1" bw="0" slack="2147483647"/>
<pin id="73" dir="0" index="2" bw="2" slack="0"/>
<pin id="74" dir="0" index="3" bw="0" slack="2147483647"/>
<pin id="75" dir="1" index="4" bw="2" slack="0"/>
</pin_list>
<bind>
<opcode="phi(47) " fcode="phi"/>
<opset="i_0/2 "/>
</bind>
</comp>

<comp id="77" class="1005" name="result_load_reg_77">
<pin_list>
<pin id="78" dir="0" index="0" bw="32" slack="1"/>
<pin id="79" dir="1" index="1" bw="32" slack="1"/>
</pin_list>
<bind>
<opset="result_load (phireg) "/>
</bind>
</comp>

<comp id="81" class="1004" name="result_load_phi_fu_81">
<pin_list>
<pin id="82" dir="0" index="0" bw="1" slack="1"/>
<pin id="83" dir="0" index="1" bw="0" slack="2147483647"/>
<pin id="84" dir="0" index="2" bw="32" slack="1"/>
<pin id="85" dir="0" index="3" bw="0" slack="2147483647"/>
<pin id="86" dir="1" index="4" bw="32" slack="0"/>
</pin_list>
<bind>
<opcode="phi(47) " fcode="phi"/>
<opset="result_load/3 "/>
</bind>
</comp>

<comp id="90" class="1005" name="j_0_reg_90">
<pin_list>
<pin id="91" dir="0" index="0" bw="2" slack="1"/>
<pin id="92" dir="1" index="1" bw="2" slack="1"/>
</pin_list>
<bind>
<opset="j_0 (phireg) "/>
</bind>
</comp>

<comp id="94" class="1004" name="j_0_phi_fu_94">
<pin_list>
<pin id="95" dir="0" index="0" bw="1" slack="1"/>
<pin id="96" dir="0" index="1" bw="0" slack="2147483647"/>
<pin id="97" dir="0" index="2" bw="2" slack="0"/>
<pin id="98" dir="0" index="3" bw="0" slack="2147483647"/>
<pin id="99" dir="1" index="4" bw="2" slack="0"/>
</pin_list>
<bind>
<opcode="phi(47) " fcode="phi"/>
<opset="j_0/3 "/>
</bind>
</comp>

<comp id="101" class="1004" name="icmp_ln7_fu_101">
<pin_list>
<pin id="102" dir="0" index="0" bw="2" slack="0"/>
<pin id="103" dir="0" index="1" bw="1" slack="0"/>
<pin id="104" dir="1" index="2" bw="1" slack="2147483647"/>
</pin_list>
<bind>
<opcode="icmp(45) " fcode="icmp"/>
<opset="icmp_ln7/2 "/>
</bind>
</comp>

<comp id="107" class="1004" name="i_fu_107">
<pin_list>
<pin id="108" dir="0" index="0" bw="2" slack="0"/>
<pin id="109" dir="0" index="1" bw="1" slack="0"/>
<pin id="110" dir="1" index="2" bw="2" slack="0"/>
</pin_list>
<bind>
<opcode="add(8) " fcode="add"/>
<opset="i/2 "/>
</bind>
</comp>

<comp id="113" class="1004" name="zext_ln8_fu_113">
<pin_list>
<pin id="114" dir="0" index="0" bw="2" slack="0"/>
<pin id="115" dir="1" index="1" bw="64" slack="0"/>
</pin_list>
<bind>
<opcode="zext(34) " fcode="zext"/>
<opset="zext_ln8/2 "/>
</bind>
</comp>

<comp id="118" class="1004" name="zext_ln10_1_fu_118">
<pin_list>
<pin id="119" dir="0" index="0" bw="2" slack="0"/>
<pin id="120" dir="1" index="1" bw="5" slack="0"/>
</pin_list>
<bind>
<opcode="zext(34) " fcode="zext"/>
<opset="zext_ln10_1/2 "/>
</bind>
</comp>

<comp id="122" class="1004" name="tmp_fu_122">
<pin_list>
<pin id="123" dir="0" index="0" bw="4" slack="0"/>
<pin id="124" dir="0" index="1" bw="2" slack="0"/>
<pin id="125" dir="0" index="2" bw="1" slack="0"/>
<pin id="126" dir="1" index="3" bw="4" slack="0"/>
</pin_list>
<bind>
<opcode="bitconcatenate(1004) " fcode="bitconcatenate"/>
<opset="tmp/2 "/>
</bind>
</comp>

<comp id="130" class="1004" name="zext_ln10_2_fu_130">
<pin_list>
<pin id="131" dir="0" index="0" bw="4" slack="0"/>
<pin id="132" dir="1" index="1" bw="5" slack="0"/>
</pin_list>
<bind>
<opcode="zext(34) " fcode="zext"/>
<opset="zext_ln10_2/2 "/>
</bind>
</comp>

<comp id="134" class="1004" name="sub_ln10_fu_134">
<pin_list>
<pin id="135" dir="0" index="0" bw="4" slack="0"/>
<pin id="136" dir="0" index="1" bw="2" slack="0"/>
<pin id="137" dir="1" index="2" bw="5" slack="1"/>
</pin_list>
<bind>
<opcode="sub(10) " fcode="sub"/>
<opset="sub_ln10/2 "/>
</bind>
</comp>

<comp id="140" class="1004" name="icmp_ln9_fu_140">
<pin_list>
<pin id="141" dir="0" index="0" bw="2" slack="0"/>
<pin id="142" dir="0" index="1" bw="1" slack="0"/>
<pin id="143" dir="1" index="2" bw="1" slack="2147483647"/>
</pin_list>
<bind>
<opcode="icmp(45) " fcode="icmp"/>
<opset="icmp_ln9/3 "/>
</bind>
</comp>

<comp id="146" class="1004" name="j_fu_146">
<pin_list>
<pin id="147" dir="0" index="0" bw="2" slack="0"/>
<pin id="148" dir="0" index="1" bw="1" slack="0"/>
<pin id="149" dir="1" index="2" bw="2" slack="0"/>
</pin_list>
<bind>
<opcode="add(8) " fcode="add"/>
<opset="j/3 "/>
</bind>
</comp>

<comp id="152" class="1004" name="zext_ln10_fu_152">
<pin_list>
<pin id="153" dir="0" index="0" bw="2" slack="0"/>
<pin id="154" dir="1" index="1" bw="64" slack="0"/>
</pin_list>
<bind>
<opcode="zext(34) " fcode="zext"/>
<opset="zext_ln10/3 "/>
</bind>
</comp>

<comp id="157" class="1004" name="zext_ln10_3_fu_157">
<pin_list>
<pin id="158" dir="0" index="0" bw="2" slack="0"/>
<pin id="159" dir="1" index="1" bw="5" slack="0"/>
</pin_list>
<bind>
<opcode="zext(34) " fcode="zext"/>
<opset="zext_ln10_3/3 "/>
</bind>
</comp>

<comp id="161" class="1004" name="add_ln10_1_fu_161">
<pin_list>
<pin id="162" dir="0" index="0" bw="5" slack="1"/>
<pin id="163" dir="0" index="1" bw="2" slack="0"/>
<pin id="164" dir="1" index="2" bw="5" slack="0"/>
</pin_list>
<bind>
<opcode="add(8) " fcode="add"/>
<opset="add_ln10_1/3 "/>
</bind>
</comp>

<comp id="166" class="1004" name="sext_ln10_fu_166">
<pin_list>
<pin id="167" dir="0" index="0" bw="5" slack="0"/>
<pin id="168" dir="1" index="1" bw="64" slack="0"/>
</pin_list>
<bind>
<opcode="sext(35) " fcode="sext"/>
<opset="sext_ln10/3 "/>
</bind>
</comp>

<comp id="171" class="1004" name="mul_ln10_fu_171">
<pin_list>
<pin id="172" dir="0" index="0" bw="32" slack="0"/>
<pin id="173" dir="0" index="1" bw="32" slack="0"/>
<pin id="174" dir="1" index="2" bw="32" slack="0"/>
</pin_list>
<bind>
<opcode="mul(12) " fcode="mul"/>
<opset="mul_ln10/4 "/>
</bind>
</comp>

<comp id="177" class="1004" name="add_ln10_fu_177">
<pin_list>
<pin id="178" dir="0" index="0" bw="32" slack="0"/>
<pin id="179" dir="0" index="1" bw="32" slack="1"/>
<pin id="180" dir="1" index="2" bw="32" slack="1"/>
</pin_list>
<bind>
<opcode="add(8) " fcode="add"/>
<opset="add_ln10/4 "/>
</bind>
</comp>

<comp id="186" class="1005" name="i_reg_186">
<pin_list>
<pin id="187" dir="0" index="0" bw="2" slack="0"/>
<pin id="188" dir="1" index="1" bw="2" slack="0"/>
</pin_list>
<bind>
<opset="i "/>
</bind>
</comp>

<comp id="191" class="1005" name="sub_ln10_reg_191">
<pin_list>
<pin id="192" dir="0" index="0" bw="5" slack="1"/>
<pin id="193" dir="1" index="1" bw="5" slack="1"/>
</pin_list>
<bind>
<opset="sub_ln10 "/>
</bind>
</comp>

<comp id="196" class="1005" name="result_addr_reg_196">
<pin_list>
<pin id="197" dir="0" index="0" bw="2" slack="1"/>
<pin id="198" dir="1" index="1" bw="2" slack="1"/>
</pin_list>
<bind>
<opset="result_addr "/>
</bind>
</comp>

<comp id="204" class="1005" name="j_reg_204">
<pin_list>
<pin id="205" dir="0" index="0" bw="2" slack="0"/>
<pin id="206" dir="1" index="1" bw="2" slack="0"/>
</pin_list>
<bind>
<opset="j "/>
</bind>
</comp>

<comp id="209" class="1005" name="mat_addr_reg_209">
<pin_list>
<pin id="210" dir="0" index="0" bw="4" slack="1"/>
<pin id="211" dir="1" index="1" bw="4" slack="1"/>
</pin_list>
<bind>
<opset="mat_addr "/>
</bind>
</comp>

<comp id="214" class="1005" name="vec_addr_reg_214">
<pin_list>
<pin id="215" dir="0" index="0" bw="2" slack="1"/>
<pin id="216" dir="1" index="1" bw="2" slack="1"/>
</pin_list>
<bind>
<opset="vec_addr "/>
</bind>
</comp>

<comp id="219" class="1005" name="add_ln10_reg_219">
<pin_list>
<pin id="220" dir="0" index="0" bw="32" slack="1"/>
<pin id="221" dir="1" index="1" bw="32" slack="1"/>
</pin_list>
<bind>
<opset="add_ln10 "/>
</bind>
</comp>

</comp_list>

<net_list>
<net id="33"><net_src comp="4" pin="0"/><net_sink comp="28" pin=0"/></net>

<net id="34"><net_src comp="24" pin="0"/><net_sink comp="28" pin=1"/></net>

<net id="45"><net_src comp="0" pin="0"/><net_sink comp="40" pin=0"/></net>

<net id="46"><net_src comp="24" pin="0"/><net_sink comp="40" pin=1"/></net>

<net id="52"><net_src comp="40" pin="3"/><net_sink comp="47" pin=0"/></net>

<net id="58"><net_src comp="2" pin="0"/><net_sink comp="53" pin=0"/></net>

<net id="59"><net_src comp="24" pin="0"/><net_sink comp="53" pin=1"/></net>

<net id="65"><net_src comp="53" pin="3"/><net_sink comp="60" pin=0"/></net>

<net id="69"><net_src comp="12" pin="0"/><net_sink comp="66" pin=0"/></net>

<net id="76"><net_src comp="66" pin="1"/><net_sink comp="70" pin=0"/></net>

<net id="80"><net_src comp="26" pin="0"/><net_sink comp="77" pin=0"/></net>

<net id="87"><net_src comp="77" pin="1"/><net_sink comp="81" pin=0"/></net>

<net id="88"><net_src comp="81" pin="4"/><net_sink comp="35" pin=1"/></net>

<net id="89"><net_src comp="81" pin="4"/><net_sink comp="77" pin=0"/></net>

<net id="93"><net_src comp="12" pin="0"/><net_sink comp="90" pin=0"/></net>

<net id="100"><net_src comp="90" pin="1"/><net_sink comp="94" pin=0"/></net>

<net id="105"><net_src comp="70" pin="4"/><net_sink comp="101" pin=0"/></net>

<net id="106"><net_src comp="14" pin="0"/><net_sink comp="101" pin=1"/></net>

<net id="111"><net_src comp="70" pin="4"/><net_sink comp="107" pin=0"/></net>

<net id="112"><net_src comp="20" pin="0"/><net_sink comp="107" pin=1"/></net>

<net id="116"><net_src comp="70" pin="4"/><net_sink comp="113" pin=0"/></net>

<net id="117"><net_src comp="113" pin="1"/><net_sink comp="28" pin=2"/></net>

<net id="121"><net_src comp="70" pin="4"/><net_sink comp="118" pin=0"/></net>

<net id="127"><net_src comp="22" pin="0"/><net_sink comp="122" pin=0"/></net>

<net id="128"><net_src comp="70" pin="4"/><net_sink comp="122" pin=1"/></net>

<net id="129"><net_src comp="12" pin="0"/><net_sink comp="122" pin=2"/></net>

<net id="133"><net_src comp="122" pin="3"/><net_sink comp="130" pin=0"/></net>

<net id="138"><net_src comp="130" pin="1"/><net_sink comp="134" pin=0"/></net>

<net id="139"><net_src comp="118" pin="1"/><net_sink comp="134" pin=1"/></net>

<net id="144"><net_src comp="94" pin="4"/><net_sink comp="140" pin=0"/></net>

<net id="145"><net_src comp="14" pin="0"/><net_sink comp="140" pin=1"/></net>

<net id="150"><net_src comp="94" pin="4"/><net_sink comp="146" pin=0"/></net>

<net id="151"><net_src comp="20" pin="0"/><net_sink comp="146" pin=1"/></net>

<net id="155"><net_src comp="94" pin="4"/><net_sink comp="152" pin=0"/></net>

<net id="156"><net_src comp="152" pin="1"/><net_sink comp="53" pin=2"/></net>

<net id="160"><net_src comp="94" pin="4"/><net_sink comp="157" pin=0"/></net>

<net id="165"><net_src comp="157" pin="1"/><net_sink comp="161" pin=1"/></net>

<net id="169"><net_src comp="161" pin="2"/><net_sink comp="166" pin=0"/></net>

<net id="170"><net_src comp="166" pin="1"/><net_sink comp="40" pin=2"/></net>

<net id="175"><net_src comp="60" pin="3"/><net_sink comp="171" pin=0"/></net>

<net id="176"><net_src comp="47" pin="3"/><net_sink comp="171" pin=1"/></net>

<net id="181"><net_src comp="171" pin="2"/><net_sink comp="177" pin=0"/></net>

<net id="182"><net_src comp="77" pin="1"/><net_sink comp="177" pin=1"/></net>

<net id="189"><net_src comp="107" pin="2"/><net_sink comp="186" pin=0"/></net>

<net id="190"><net_src comp="186" pin="1"/><net_sink comp="70" pin=2"/></net>

<net id="194"><net_src comp="134" pin="2"/><net_sink comp="191" pin=0"/></net>

<net id="195"><net_src comp="191" pin="1"/><net_sink comp="161" pin=0"/></net>

<net id="199"><net_src comp="28" pin="3"/><net_sink comp="196" pin=0"/></net>

<net id="200"><net_src comp="196" pin="1"/><net_sink comp="35" pin=0"/></net>

<net id="207"><net_src comp="146" pin="2"/><net_sink comp="204" pin=0"/></net>

<net id="208"><net_src comp="204" pin="1"/><net_sink comp="94" pin=2"/></net>

<net id="212"><net_src comp="40" pin="3"/><net_sink comp="209" pin=0"/></net>

<net id="213"><net_src comp="209" pin="1"/><net_sink comp="47" pin=0"/></net>

<net id="217"><net_src comp="53" pin="3"/><net_sink comp="214" pin=0"/></net>

<net id="218"><net_src comp="214" pin="1"/><net_sink comp="60" pin=0"/></net>

<net id="222"><net_src comp="177" pin="2"/><net_sink comp="219" pin=0"/></net>

<net id="223"><net_src comp="219" pin="1"/><net_sink comp="81" pin=2"/></net>

</net_list>

</model> 
---------------- Datapath Model END ------------------

* FSMD analyzer results:
  - Output states:
	Port: result | {3 }
 - Input state : 
	Port: matrix_vector_mult : mat | {3 4 }
	Port: matrix_vector_mult : vec | {3 4 }
  - Chain level:
	State 1
	State 2
		icmp_ln7 : 1
		i : 1
		br_ln7 : 2
		zext_ln8 : 1
		zext_ln10_1 : 1
		tmp : 1
		zext_ln10_2 : 2
		sub_ln10 : 3
		result_addr : 2
	State 3
		store_ln10 : 1
		icmp_ln9 : 1
		j : 1
		br_ln9 : 2
		zext_ln10 : 1
		zext_ln10_3 : 1
		add_ln10_1 : 2
		sext_ln10 : 3
		mat_addr : 4
		mat_load : 5
		vec_addr : 2
		vec_load : 3
	State 4
		mul_ln10 : 1
		add_ln10 : 2


============================================================
+ Verbose Summary: Datapath Resource usage 
============================================================

* Functional unit list:
|----------|--------------------|---------|---------|---------|
| Operation|   Functional Unit  |  DSP48E |    FF   |   LUT   |
|----------|--------------------|---------|---------|---------|
|          |      i_fu_107      |    0    |    0    |    9    |
|    add   |      j_fu_146      |    0    |    0    |    9    |
|          |  add_ln10_1_fu_161 |    0    |    0    |    15   |
|          |   add_ln10_fu_177  |    0    |    0    |    39   |
|----------|--------------------|---------|---------|---------|
|    mul   |   mul_ln10_fu_171  |    3    |    0    |    20   |
|----------|--------------------|---------|---------|---------|
|   icmp   |   icmp_ln7_fu_101  |    0    |    0    |    8    |
|          |   icmp_ln9_fu_140  |    0    |    0    |    8    |
|----------|--------------------|---------|---------|---------|
|    sub   |   sub_ln10_fu_134  |    0    |    0    |    12   |
|----------|--------------------|---------|---------|---------|
|          |   zext_ln8_fu_113  |    0    |    0    |    0    |
|          | zext_ln10_1_fu_118 |    0    |    0    |    0    |
|   zext   | zext_ln10_2_fu_130 |    0    |    0    |    0    |
|          |  zext_ln10_fu_152  |    0    |    0    |    0    |
|          | zext_ln10_3_fu_157 |    0    |    0    |    0    |
|----------|--------------------|---------|---------|---------|
|bitconcatenate|     tmp_fu_122     |    0    |    0    |    0    |
|----------|--------------------|---------|---------|---------|
|   sext   |  sext_ln10_fu_166  |    0    |    0    |    0    |
|----------|--------------------|---------|---------|---------|
|   Total  |                    |    3    |    0    |   120   |
|----------|--------------------|---------|---------|---------|

Memories:
N/A

* Register list:
+-------------------+--------+
|                   |   FF   |
+-------------------+--------+
|  add_ln10_reg_219 |   32   |
|     i_0_reg_66    |    2   |
|     i_reg_186     |    2   |
|     j_0_reg_90    |    2   |
|     j_reg_204     |    2   |
|  mat_addr_reg_209 |    4   |
|result_addr_reg_196|    2   |
| result_load_reg_77|   32   |
|  sub_ln10_reg_191 |    5   |
|  vec_addr_reg_214 |    2   |
+-------------------+--------+
|       Total       |   85   |
+-------------------+--------+

* Multiplexer (MUX) list: 
|--------------------|------|------|------|--------||---------||---------|
|        Comp        |  Pin | Size |  BW  | S x BW ||  Delay  ||   LUT   |
|--------------------|------|------|------|--------||---------||---------|
|  grp_access_fu_47  |  p0  |   2  |   4  |    8   ||    9    |
|  grp_access_fu_60  |  p0  |   2  |   2  |    4   ||    9    |
| result_load_reg_77 |  p0  |   2  |  32  |   64   ||    9    |
|--------------------|------|------|------|--------||---------||---------|
|        Total       |      |      |      |   76   ||  2.265  ||    27   |
|--------------------|------|------|------|--------||---------||---------|



* Summary:
+-----------+--------+--------+--------+--------+
|           | DSP48E |  Delay |   FF   |   LUT  |
+-----------+--------+--------+--------+--------+
|  Function |    3   |    -   |    0   |   120  |
|   Memory  |    -   |    -   |    -   |    -   |
|Multiplexer|    -   |    2   |    -   |   27   |
|  Register |    -   |    -   |   85   |    -   |
+-----------+--------+--------+--------+--------+
|   Total   |    3   |    2   |   85   |   147  |
+-----------+--------+--------+--------+--------+
