

================================================================
== Vivado HLS Report for 'matrix_vector_mult'
================================================================
* Date:           Fri May 22 12:44:42 2026

* Version:        2019.1 (Build 2552052 on Fri May 24 15:28:33 MDT 2019)
* Project:        prj_matmul
* Solution:       solution1
* Product family: zynquplus
* Target device:  xczu3eg-sbva484-1-i


================================================================
== Performance Estimates
================================================================
+ Timing (ns): 
    * Summary: 
    +--------+-------+----------+------------+
    |  Clock | Target| Estimated| Uncertainty|
    +--------+-------+----------+------------+
    |ap_clk  |  10.00|     5.873|        1.25|
    +--------+-------+----------+------------+

+ Latency (clock cycles): 
    * Summary: 
    +-----+-----+-----+-----+---------+
    |  Latency  |  Interval | Pipeline|
    | min | max | min | max |   Type  |
    +-----+-----+-----+-----+---------+
    |   25|   25|   25|   25|   none  |
    +-----+-----+-----+-----+---------+

    + Detail: 
        * Instance: 
        N/A

        * Loop: 
        +-------------+-----+-----+----------+-----------+-----------+------+----------+
        |             |  Latency  | Iteration|  Initiation Interval  | Trip |          |
        |  Loop Name  | min | max |  Latency |  achieved |   target  | Count| Pipelined|
        +-------------+-----+-----+----------+-----------+-----------+------+----------+
        |- Loop 1     |   24|   24|         8|          -|          -|     3|    no    |
        | + Loop 1.1  |    6|    6|         2|          -|          -|     3|    no    |
        +-------------+-----+-----+----------+-----------+-----------+------+----------+



================================================================
== Utilization Estimates
================================================================
* Summary: 
+-----------------+---------+-------+--------+-------+-----+
|       Name      | BRAM_18K| DSP48E|   FF   |  LUT  | URAM|
+-----------------+---------+-------+--------+-------+-----+
|DSP              |        -|      -|       -|      -|    -|
|Expression       |        -|      3|       0|    123|    -|
|FIFO             |        -|      -|       -|      -|    -|
|Instance         |        -|      -|       -|      -|    -|
|Memory           |        -|      -|       -|      -|    -|
|Multiplexer      |        -|      -|       -|     54|    -|
|Register         |        -|      -|      51|      -|    -|
+-----------------+---------+-------+--------+-------+-----+
|Total            |        0|      3|      51|    177|    0|
+-----------------+---------+-------+--------+-------+-----+
|Available        |      432|    360|  141120|  70560|    0|
+-----------------+---------+-------+--------+-------+-----+
|Utilization (%)  |        0|   ~0  |   ~0   |   ~0  |    0|
+-----------------+---------+-------+--------+-------+-----+

+ Detail: 
    * Instance: 
    N/A

    * DSP48E: 
    N/A

    * Memory: 
    N/A

    * FIFO: 
    N/A

    * Expression: 
    +----------------------+----------+-------+---+----+------------+------------+
    |     Variable Name    | Operation| DSP48E| FF| LUT| Bitwidth P0| Bitwidth P1|
    +----------------------+----------+-------+---+----+------------+------------+
    |mul_ln10_fu_171_p2    |     *    |      3|  0|  20|          32|          32|
    |add_ln10_1_fu_161_p2  |     +    |      0|  0|  15|           5|           5|
    |add_ln10_fu_177_p2    |     +    |      0|  0|  39|          32|          32|
    |i_fu_107_p2           |     +    |      0|  0|   9|           2|           1|
    |j_fu_146_p2           |     +    |      0|  0|   9|           2|           1|
    |sub_ln10_fu_134_p2    |     -    |      0|  0|  15|           5|           5|
    |icmp_ln7_fu_101_p2    |   icmp   |      0|  0|   8|           2|           2|
    |icmp_ln9_fu_140_p2    |   icmp   |      0|  0|   8|           2|           2|
    +----------------------+----------+-------+---+----+------------+------------+
    |Total                 |          |      3|  0| 123|          82|          80|
    +----------------------+----------+-------+---+----+------------+------------+

    * Multiplexer: 
    +--------------------+----+-----------+-----+-----------+
    |        Name        | LUT| Input Size| Bits| Total Bits|
    +--------------------+----+-----------+-----+-----------+
    |ap_NS_fsm           |  27|          5|    1|          5|
    |i_0_reg_66          |   9|          2|    2|          4|
    |j_0_reg_90          |   9|          2|    2|          4|
    |result_load_reg_77  |   9|          2|   32|         64|
    +--------------------+----+-----------+-----+-----------+
    |Total               |  54|         11|   37|         77|
    +--------------------+----+-----------+-----+-----------+

    * Register: 
    +---------------------+----+----+-----+-----------+
    |         Name        | FF | LUT| Bits| Const Bits|
    +---------------------+----+----+-----+-----------+
    |ap_CS_fsm            |   4|   0|    4|          0|
    |i_0_reg_66           |   2|   0|    2|          0|
    |i_reg_186            |   2|   0|    2|          0|
    |j_0_reg_90           |   2|   0|    2|          0|
    |j_reg_204            |   2|   0|    2|          0|
    |result_addr_reg_196  |   2|   0|    2|          0|
    |result_load_reg_77   |  32|   0|   32|          0|
    |sub_ln10_reg_191     |   5|   0|    5|          0|
    +---------------------+----+----+-----+-----------+
    |Total                |  51|   0|   51|          0|
    +---------------------+----+----+-----+-----------+



================================================================
== Interface
================================================================
* Summary: 
+-----------------+-----+-----+------------+--------------------+--------------+
|    RTL Ports    | Dir | Bits|  Protocol  |    Source Object   |    C Type    |
+-----------------+-----+-----+------------+--------------------+--------------+
|ap_clk           |  in |    1| ap_ctrl_hs | matrix_vector_mult | return value |
|ap_rst           |  in |    1| ap_ctrl_hs | matrix_vector_mult | return value |
|ap_start         |  in |    1| ap_ctrl_hs | matrix_vector_mult | return value |
|ap_done          | out |    1| ap_ctrl_hs | matrix_vector_mult | return value |
|ap_idle          | out |    1| ap_ctrl_hs | matrix_vector_mult | return value |
|ap_ready         | out |    1| ap_ctrl_hs | matrix_vector_mult | return value |
|mat_address0     | out |    4|  ap_memory |         mat        |     array    |
|mat_ce0          | out |    1|  ap_memory |         mat        |     array    |
|mat_q0           |  in |   32|  ap_memory |         mat        |     array    |
|vec_address0     | out |    2|  ap_memory |         vec        |     array    |
|vec_ce0          | out |    1|  ap_memory |         vec        |     array    |
|vec_q0           |  in |   32|  ap_memory |         vec        |     array    |
|result_address0  | out |    2|  ap_memory |       result       |     array    |
|result_ce0       | out |    1|  ap_memory |       result       |     array    |
|result_we0       | out |    1|  ap_memory |       result       |     array    |
|result_d0        | out |   32|  ap_memory |       result       |     array    |
+-----------------+-----+-----+------------+--------------------+--------------+

