

================================================================
== Vivado HLS Report for 'neuron'
================================================================
* Date:           Fri Jun  5 11:12:02 2026

* Version:        2019.1 (Build 2552052 on Fri May 24 15:28:33 MDT 2019)
* Project:        neuron_FP
* Solution:       solution1
* Product family: zynquplus
* Target device:  xczu3eg-sbva484-1-i


================================================================
== Performance Estimates
================================================================
+ Timing (ns): 
    * Summary: 
    +--------+-------+----------+------------+
    |  Clock | Target| Estimated| Uncertainty|
    +--------+-------+----------+------------+
    |ap_clk  |  10.00|     8.286|        1.25|
    +--------+-------+----------+------------+

+ Latency (clock cycles): 
    * Summary: 
    +-----+-----+-----+-----+---------+
    |  Latency  |  Interval | Pipeline|
    | min | max | min | max |   Type  |
    +-----+-----+-----+-----+---------+
    |    6|    6|    6|    6|   none  |
    +-----+-----+-----+-----+---------+

    + Detail: 
        * Instance: 
        N/A

        * Loop: 
        N/A



================================================================
== Utilization Estimates
================================================================
* Summary: 
+-----------------+---------+-------+--------+-------+-----+
|       Name      | BRAM_18K| DSP48E|   FF   |  LUT  | URAM|
+-----------------+---------+-------+--------+-------+-----+
|DSP              |        -|      -|       -|      -|    -|
|Expression       |        -|      -|       -|      -|    -|
|FIFO             |        -|      -|       -|      -|    -|
|Instance         |        -|      5|     355|    352|    -|
|Memory           |        -|      -|       -|      -|    -|
|Multiplexer      |        -|      -|       -|     41|    -|
|Register         |        -|      -|      39|      -|    -|
+-----------------+---------+-------+--------+-------+-----+
|Total            |        0|      5|     394|    393|    0|
+-----------------+---------+-------+--------+-------+-----+
|Available        |      432|    360|  141120|  70560|    0|
+-----------------+---------+-------+--------+-------+-----+
|Utilization (%)  |        0|      1|   ~0   |   ~0  |    0|
+-----------------+---------+-------+--------+-------+-----+

+ Detail: 
    * Instance: 
    +------------------------------------------+---------------------------------------+---------+-------+-----+-----+-----+
    |                 Instance                 |                 Module                | BRAM_18K| DSP48E|  FF | LUT | URAM|
    +------------------------------------------+---------------------------------------+---------+-------+-----+-----+-----+
    |neuron_fadd_32ns_32ns_32_4_full_dsp_1_U1  |neuron_fadd_32ns_32ns_32_4_full_dsp_1  |        0|      2|  227|  214|    0|
    |neuron_fmul_32ns_32ns_32_3_max_dsp_1_U2   |neuron_fmul_32ns_32ns_32_3_max_dsp_1   |        0|      3|  128|  138|    0|
    +------------------------------------------+---------------------------------------+---------+-------+-----+-----+-----+
    |Total                                     |                                       |        0|      5|  355|  352|    0|
    +------------------------------------------+---------------------------------------+---------+-------+-----+-----+-----+

    * DSP48E: 
    N/A

    * Memory: 
    N/A

    * FIFO: 
    N/A

    * Expression: 
    N/A

    * Multiplexer: 
    +-----------+----+-----------+-----+-----------+
    |    Name   | LUT| Input Size| Bits| Total Bits|
    +-----------+----+-----------+-----+-----------+
    |ap_NS_fsm  |  41|          8|    1|          8|
    +-----------+----+-----------+-----+-----------+
    |Total      |  41|          8|    1|          8|
    +-----------+----+-----------+-----+-----------+

    * Register: 
    +------------+----+----+-----+-----------+
    |    Name    | FF | LUT| Bits| Const Bits|
    +------------+----+----+-----+-----------+
    |ap_CS_fsm   |   7|   0|    7|          0|
    |tmp_reg_55  |  32|   0|   32|          0|
    +------------+----+----+-----+-----------+
    |Total       |  39|   0|   39|          0|
    +------------+----+----+-----+-----------+



================================================================
== Interface
================================================================
* Summary: 
+-----------+-----+-----+------------+--------------+--------------+
| RTL Ports | Dir | Bits|  Protocol  | Source Object|    C Type    |
+-----------+-----+-----+------------+--------------+--------------+
|ap_clk     |  in |    1| ap_ctrl_hs |    neuron    | return value |
|ap_rst     |  in |    1| ap_ctrl_hs |    neuron    | return value |
|ap_start   |  in |    1| ap_ctrl_hs |    neuron    | return value |
|ap_done    | out |    1| ap_ctrl_hs |    neuron    | return value |
|ap_idle    | out |    1| ap_ctrl_hs |    neuron    | return value |
|ap_ready   | out |    1| ap_ctrl_hs |    neuron    | return value |
|ap_return  | out |   32| ap_ctrl_hs |    neuron    | return value |
|w          |  in |   32|   ap_none  |       w      |    scalar    |
|x          |  in |   32|   ap_none  |       x      |    scalar    |
|b          |  in |   32|   ap_none  |       b      |    scalar    |
+-----------+-----+-----+------------+--------------+--------------+

