

================================================================
== Vivado HLS Report for 'mlp'
================================================================
* Date:           Thu Sep  3 11:22:57 2026

* Version:        2019.1 (Build 2552052 on Fri May 24 15:28:33 MDT 2019)
* Project:        quantized_mlp
* Solution:       sol_q_w16_10
* Product family: zynquplus
* Target device:  xczu3eg-sbva484-1-i


================================================================
== Performance Estimates
================================================================
+ Timing (ns): 
    * Summary: 
    +--------+-------+----------+------------+
    |  Clock | Target| Estimated| Uncertainty|
    +--------+-------+----------+------------+
    |ap_clk  |  10.00|     8.507|        1.25|
    +--------+-------+----------+------------+

+ Latency (clock cycles): 
    * Summary: 
    +------+------+------+------+---------+
    |   Latency   |   Interval  | Pipeline|
    |  min |  max |  min |  max |   Type  |
    +------+------+------+------+---------+
    |  8645|  8645|  8645|  8645|   none  |
    +------+------+------+------+---------+

    + Detail: 
        * Instance: 
        N/A

        * Loop: 
        +----------------+------+------+----------+-----------+-----------+------+----------+
        |                |   Latency   | Iteration|  Initiation Interval  | Trip |          |
        |    Loop Name   |  min |  max |  Latency |  achieved |   target  | Count| Pipelined|
        +----------------+------+------+----------+-----------+-----------+------+----------+
        |- layer1        |  7855|  7855|      1571|          -|          -|     5|    no    |
        | + neuron_mac   |  1568|  1568|         2|          -|          -|   784|    no    |
        |- layer2        |   104|   104|        13|          -|          -|     8|    no    |
        | + neuron_mac   |    10|    10|         2|          -|          -|     5|    no    |
        |- layer3        |   152|   152|        19|          -|          -|     8|    no    |
        | + neuron_mac   |    16|    16|         2|          -|          -|     8|    no    |
        |- layer4        |   190|   190|        19|          -|          -|    10|    no    |
        | + neuron_mac   |    16|    16|         2|          -|          -|     8|    no    |
        |- Loop 5        |    45|    45|         5|          -|          -|     9|    no    |
        |- softmax_exp   |   170|   170|        17|          -|          -|    10|    no    |
        |- softmax_norm  |   120|   120|        12|          -|          -|    10|    no    |
        +----------------+------+------+----------+-----------+-----------+------+----------+



================================================================
== Utilization Estimates
================================================================
* Summary: 
+-----------------+---------+-------+--------+-------+-----+
|       Name      | BRAM_18K| DSP48E|   FF   |  LUT  | URAM|
+-----------------+---------+-------+--------+-------+-----+
|DSP              |        -|      4|       -|      -|    -|
|Expression       |        -|      -|     120|   3032|    -|
|FIFO             |        -|      -|       -|      -|    -|
|Instance         |        -|      9|    1028|   1987|    -|
|Memory           |        3|      -|     265|     56|    0|
|Multiplexer      |        -|      -|       -|    599|    -|
|Register         |        -|      -|     716|      -|    -|
+-----------------+---------+-------+--------+-------+-----+
|Total            |        3|     13|    2129|   5674|    0|
+-----------------+---------+-------+--------+-------+-----+
|Available        |      432|    360|  141120|  70560|    0|
+-----------------+---------+-------+--------+-------+-----+
|Utilization (%)  |    ~0   |      3|       1|      8|    0|
+-----------------+---------+-------+--------+-------+-----+

+ Detail: 
    * Instance: 
    +-------------------------------------------+----------------------------------------+---------+-------+-----+-----+-----+
    |                  Instance                 |                 Module                 | BRAM_18K| DSP48E|  FF | LUT | URAM|
    +-------------------------------------------+----------------------------------------+---------+-------+-----+-----+-----+
    |mlp_faddfsub_32ns_32ns_32_4_full_dsp_1_U1  |mlp_faddfsub_32ns_32ns_32_4_full_dsp_1  |        0|      2|  227|  214|    0|
    |mlp_fcmp_32ns_32ns_1_2_1_U3                |mlp_fcmp_32ns_32ns_1_2_1                |        0|      0|   66|   66|    0|
    |mlp_fdiv_32ns_32ns_32_9_1_U2               |mlp_fdiv_32ns_32ns_32_9_1               |        0|      0|  411|  802|    0|
    |mlp_fexp_32ns_32ns_32_8_full_dsp_1_U4      |mlp_fexp_32ns_32ns_32_8_full_dsp_1      |        0|      7|  324|  905|    0|
    +-------------------------------------------+----------------------------------------+---------+-------+-----+-----+-----+
    |Total                                      |                                        |        0|      9| 1028| 1987|    0|
    +-------------------------------------------+----------------------------------------+---------+-------+-----+-----+-----+

    * DSP48E: 
    +----------------------------------------+-------------------------------------+--------------+
    |                Instance                |                Module               |  Expression  |
    +----------------------------------------+-------------------------------------+--------------+
    |mlp_mac_muladd_15ns_12s_26ns_26_1_1_U6  |mlp_mac_muladd_15ns_12s_26ns_26_1_1  | i0 + i1 * i2 |
    |mlp_mac_muladd_15ns_12s_26ns_26_1_1_U7  |mlp_mac_muladd_15ns_12s_26ns_26_1_1  | i0 + i1 * i2 |
    |mlp_mac_muladd_15ns_12s_26ns_26_1_1_U8  |mlp_mac_muladd_15ns_12s_26ns_26_1_1  | i0 + i1 * i2 |
    |mlp_mac_muladd_16s_12s_26ns_26_1_1_U5   |mlp_mac_muladd_16s_12s_26ns_26_1_1   | i0 + i1 * i2 |
    +----------------------------------------+-------------------------------------+--------------+

    * Memory: 
    +----------+------------+---------+----+----+-----+------+-----+------+-------------+
    |  Memory  |   Module   | BRAM_18K| FF | LUT| URAM| Words| Bits| Banks| W*Bits*Banks|
    +----------+------------+---------+----+----+-----+------+-----+------+-------------+
    |B1_V_U    |mlp_B1_V    |        0|   9|   1|    0|     5|    9|     1|           45|
    |B2_V_U    |mlp_B2_V    |        0|  11|   2|    0|     8|   11|     1|           88|
    |B3_V_U    |mlp_B3_V    |        0|  11|   2|    0|     8|   11|     1|           88|
    |B4_V_U    |mlp_B4_V    |        0|  12|   2|    0|    10|   12|     1|          120|
    |W1_V_U    |mlp_W1_V    |        3|   0|   0|    0|  3920|   12|     1|        47040|
    |W2_V_U    |mlp_W2_V    |        0|  12|   8|    0|    40|   12|     1|          480|
    |W3_V_U    |mlp_W3_V    |        0|  12|  12|    0|    64|   12|     1|          768|
    |W4_V_U    |mlp_W4_V    |        0|  12|  15|    0|    80|   12|     1|          960|
    |a1_V_U    |mlp_a1_V    |        0|  30|   2|    0|     5|   15|     1|           75|
    |a2_V_U    |mlp_a2_V    |        0|  30|   2|    0|     8|   15|     1|          120|
    |a3_V_U    |mlp_a2_V    |        0|  30|   2|    0|     8|   15|     1|          120|
    |logits_U  |mlp_logits  |        0|  64|   5|    0|    10|   32|     1|          320|
    |z4_V_U    |mlp_z4_V    |        0|  32|   3|    0|    10|   16|     1|          160|
    +----------+------------+---------+----+----+-----+------+-----+------+-------------+
    |Total     |            |        3| 265|  56|    0|  4176|  184|    13|        50384|
    +----------+------------+---------+----+----+-----+------+-----+------+-------------+

    * FIFO: 
    N/A

    * Expression: 
    +---------------------------+----------+-------+----+-----+------------+------------+
    |       Variable Name       | Operation| DSP48E| FF | LUT | Bitwidth P0| Bitwidth P1|
    +---------------------------+----------+-------+----+-----+------------+------------+
    |add_ln1117_1_fu_773_p2     |     +    |      0|   0|   19|          12|          12|
    |add_ln1117_2_fu_894_p2     |     +    |      0|   0|   15|           7|           7|
    |add_ln1117_3_fu_1004_p2    |     +    |      0|   0|   15|           8|           8|
    |add_ln1117_4_fu_1114_p2    |     +    |      0|   0|   15|           8|           8|
    |add_ln1117_fu_863_p2       |     +    |      0|   0|   15|           7|           7|
    |add_ln88_fu_725_p2         |     +    |      0|   0|   19|          12|          10|
    |add_ln949_1_fu_1533_p2     |     +    |      0|   0|   23|           6|          16|
    |add_ln949_2_fu_1865_p2     |     +    |      0|   0|   23|           6|          16|
    |add_ln949_fu_1249_p2       |     +    |      0|   0|   23|           6|          16|
    |add_ln958_1_fu_1585_p2     |     +    |      0|   0|   39|           6|          32|
    |add_ln958_2_fu_1986_p2     |     +    |      0|   0|   39|           6|          32|
    |add_ln958_fu_1301_p2       |     +    |      0|   0|   39|           6|          32|
    |add_ln964_1_fu_1666_p2     |     +    |      0|   0|   19|           8|           8|
    |add_ln964_2_fu_2067_p2     |     +    |      0|   0|   19|           8|           8|
    |add_ln964_fu_1382_p2       |     +    |      0|   0|   19|           8|           8|
    |i_1_fu_879_p2              |     +    |      0|   0|   11|           3|           1|
    |i_2_fu_989_p2              |     +    |      0|   0|   12|           4|           1|
    |i_3_fu_1099_p2             |     +    |      0|   0|   12|           4|           1|
    |i_fu_758_p2                |     +    |      0|   0|   17|          10|           1|
    |j_1_fu_836_p2              |     +    |      0|   0|   12|           4|           1|
    |j_2_fu_956_p2              |     +    |      0|   0|   12|           4|           1|
    |j_3_fu_1066_p2             |     +    |      0|   0|   12|           4|           1|
    |j_4_fu_2114_p2             |     +    |      0|   0|   12|           4|           1|
    |j_5_fu_1700_p2             |     +    |      0|   0|   12|           1|           4|
    |j_6_fu_2131_p2             |     +    |      0|   0|   12|           4|           1|
    |j_fu_737_p2                |     +    |      0|   0|   11|           3|           1|
    |lsb_index_1_fu_1459_p2     |     +    |      0|   0|   39|           6|          32|
    |lsb_index_2_fu_1791_p2     |     +    |      0|   0|   39|           6|          32|
    |lsb_index_fu_1175_p2       |     +    |      0|   0|   39|           6|          32|
    |m_17_fu_1625_p2            |     +    |      0|   0|   71|          64|          64|
    |m_23_fu_2026_p2            |     +    |      0|   0|   71|          64|          64|
    |m_2_fu_1341_p2             |     +    |      0|   0|   71|          64|          64|
    |grp_fu_697_p2              |     -    |      0|   0|   23|           1|          16|
    |sub_ln944_1_fu_1449_p2     |     -    |      0|   0|   39|           5|          32|
    |sub_ln944_2_fu_1781_p2     |     -    |      0|   0|   39|           5|          32|
    |sub_ln944_fu_1165_p2       |     -    |      0|   0|   39|           5|          32|
    |sub_ln947_1_fu_1485_p2     |     -    |      0|   0|   15|           4|           5|
    |sub_ln947_2_fu_1817_p2     |     -    |      0|   0|   15|           4|           5|
    |sub_ln947_fu_1201_p2       |     -    |      0|   0|   15|           4|           5|
    |sub_ln958_1_fu_1600_p2     |     -    |      0|   0|   39|           5|          32|
    |sub_ln958_2_fu_2001_p2     |     -    |      0|   0|   39|           5|          32|
    |sub_ln958_fu_1316_p2       |     -    |      0|   0|   39|           5|          32|
    |sub_ln964_1_fu_1661_p2     |     -    |      0|   0|   19|           3|           8|
    |sub_ln964_2_fu_2062_p2     |     -    |      0|   0|   19|           3|           8|
    |sub_ln964_fu_1377_p2       |     -    |      0|   0|   19|           3|           8|
    |tmp_V_7_fu_1743_p2         |     -    |      0|   0|   23|           1|          16|
    |a_1_fu_1513_p2             |    and   |      0|   0|    2|           1|           1|
    |a_2_fu_1845_p2             |    and   |      0|   0|    2|           1|           1|
    |a_fu_1229_p2               |    and   |      0|   0|    2|           1|           1|
    |and_ln111_1_fu_1955_p2     |    and   |      0|   0|    2|           1|           1|
    |and_ln111_fu_1949_p2       |    and   |      0|   0|    2|           1|           1|
    |and_ln949_1_fu_1547_p2     |    and   |      0|   0|    2|           1|           1|
    |and_ln949_2_fu_1879_p2     |    and   |      0|   0|    2|           1|           1|
    |and_ln949_fu_1263_p2       |    and   |      0|   0|    2|           1|           1|
    |p_Result_12_fu_1501_p2     |    and   |      0|   0|   16|          16|          16|
    |p_Result_18_fu_1833_p2     |    and   |      0|   0|   16|          16|          16|
    |p_Result_4_fu_1217_p2      |    and   |      0|   0|   16|          16|          16|
    |l_1_fu_1441_p3             |   cttz   |      0|  40|   36|          32|           0|
    |l_2_fu_1773_p3             |   cttz   |      0|  40|   36|          32|           0|
    |l_fu_1157_p3               |   cttz   |      0|  40|   36|          32|           0|
    |grp_fu_683_p2              |   icmp   |      0|   0|   13|          16|           1|
    |icmp_ln103_fu_1060_p2      |   icmp   |      0|   0|    9|           4|           4|
    |icmp_ln109_fu_1422_p2      |   icmp   |      0|   0|    9|           4|           4|
    |icmp_ln111_1_fu_1730_p2    |   icmp   |      0|   0|   20|          23|           1|
    |icmp_ln111_2_fu_1931_p2    |   icmp   |      0|   0|   11|           8|           2|
    |icmp_ln111_3_fu_1937_p2    |   icmp   |      0|   0|   20|          23|           1|
    |icmp_ln111_fu_1724_p2      |   icmp   |      0|   0|   11|           8|           2|
    |icmp_ln118_fu_2108_p2      |   icmp   |      0|   0|    9|           4|           4|
    |icmp_ln124_fu_2125_p2      |   icmp   |      0|   0|    9|           4|           4|
    |icmp_ln68_1_fu_873_p2      |   icmp   |      0|   0|    9|           3|           3|
    |icmp_ln68_2_fu_983_p2      |   icmp   |      0|   0|   11|           4|           5|
    |icmp_ln68_3_fu_1093_p2     |   icmp   |      0|   0|   11|           4|           5|
    |icmp_ln68_fu_752_p2        |   icmp   |      0|   0|   13|          10|           9|
    |icmp_ln88_fu_731_p2        |   icmp   |      0|   0|    9|           3|           3|
    |icmp_ln93_fu_830_p2        |   icmp   |      0|   0|   11|           4|           5|
    |icmp_ln947_1_fu_1223_p2    |   icmp   |      0|   0|   13|          16|           1|
    |icmp_ln947_2_fu_1475_p2    |   icmp   |      0|   0|   20|          31|           1|
    |icmp_ln947_3_fu_1507_p2    |   icmp   |      0|   0|   13|          16|           1|
    |icmp_ln947_4_fu_1807_p2    |   icmp   |      0|   0|   20|          31|           1|
    |icmp_ln947_5_fu_1839_p2    |   icmp   |      0|   0|   13|          16|           1|
    |icmp_ln947_fu_1191_p2      |   icmp   |      0|   0|   20|          31|           1|
    |icmp_ln958_1_fu_1567_p2    |   icmp   |      0|   0|   20|          32|           1|
    |icmp_ln958_2_fu_1899_p2    |   icmp   |      0|   0|   20|          32|           1|
    |icmp_ln958_fu_1283_p2      |   icmp   |      0|   0|   20|          32|           1|
    |icmp_ln98_fu_950_p2        |   icmp   |      0|   0|   11|           4|           5|
    |lshr_ln947_1_fu_1495_p2    |   lshr   |      0|   0|   35|           2|          16|
    |lshr_ln947_2_fu_1827_p2    |   lshr   |      0|   0|   35|           2|          16|
    |lshr_ln947_fu_1211_p2      |   lshr   |      0|   0|   35|           2|          16|
    |lshr_ln958_1_fu_1590_p2    |   lshr   |      0|   0|  101|          32|          32|
    |lshr_ln958_2_fu_1991_p2    |   lshr   |      0|   0|  101|          32|          32|
    |lshr_ln958_fu_1306_p2      |   lshr   |      0|   0|  101|          32|          32|
    |or_ln111_1_fu_1927_p2      |    or    |      0|   0|    2|           1|           1|
    |or_ln111_2_fu_1943_p2      |    or    |      0|   0|    2|           1|           1|
    |or_ln111_fu_1967_p2        |    or    |      0|   0|    2|           1|           1|
    |or_ln949_1_fu_1553_p2      |    or    |      0|   0|    2|           1|           1|
    |or_ln949_3_fu_1885_p2      |    or    |      0|   0|    2|           1|           1|
    |or_ln949_fu_1269_p2        |    or    |      0|   0|    2|           1|           1|
    |a1_V_d0                    |  select  |      0|   0|   15|           1|           1|
    |a2_V_d0                    |  select  |      0|   0|   15|           1|           1|
    |a3_V_d0                    |  select  |      0|   0|   15|           1|           1|
    |grp_fu_703_p3              |  select  |      0|   0|   16|           1|          16|
    |m_16_fu_1615_p3            |  select  |      0|   0|   56|           1|          64|
    |m_1_fu_1331_p3             |  select  |      0|   0|   56|           1|          64|
    |m_22_fu_2016_p3            |  select  |      0|   0|   56|           1|          64|
    |select_ln111_1_fu_2100_p3  |  select  |      0|   0|   32|           1|          32|
    |select_ln111_fu_1972_p3    |  select  |      0|   0|   32|           1|           1|
    |select_ln935_fu_1415_p3    |  select  |      0|   0|   32|           1|           1|
    |select_ln964_1_fu_1653_p3  |  select  |      0|   0|    7|           1|           7|
    |select_ln964_2_fu_2054_p3  |  select  |      0|   0|    7|           1|           7|
    |select_ln964_fu_1369_p3    |  select  |      0|   0|    7|           1|           7|
    |tmp_V_13_fu_1748_p3        |  select  |      0|   0|   16|           1|          16|
    |shl_ln958_1_fu_1609_p2     |    shl   |      0|   0|  179|          64|          64|
    |shl_ln958_2_fu_2010_p2     |    shl   |      0|   0|  179|          64|          64|
    |shl_ln958_fu_1325_p2       |    shl   |      0|   0|  179|          64|          64|
    |xor_ln111_fu_1961_p2       |    xor   |      0|   0|    2|           2|           1|
    |xor_ln949_1_fu_1527_p2     |    xor   |      0|   0|    2|           1|           2|
    |xor_ln949_2_fu_1859_p2     |    xor   |      0|   0|    2|           1|           2|
    |xor_ln949_fu_1243_p2       |    xor   |      0|   0|    2|           1|           2|
    +---------------------------+----------+-------+----+-----+------------+------------+
    |Total                      |          |      0| 120| 3032|        1256|        1539|
    +---------------------------+----------+-------+----+-----+------------+------------+

    * Multiplexer: 
    +-------------------+-----+-----------+-----+-----------+
    |        Name       | LUT | Input Size| Bits| Total Bits|
    +-------------------+-----+-----------+-----+-----------+
    |a1_V_address0      |   15|          3|    3|          9|
    |a2_V_address0      |   15|          3|    3|          9|
    |a3_V_address0      |   15|          3|    3|          9|
    |ap_NS_fsm          |  233|         54|    1|         54|
    |grp_fu_659_opcode  |   15|          3|    2|          6|
    |grp_fu_659_p0      |   15|          3|   32|         96|
    |grp_fu_659_p1      |   15|          3|   32|         96|
    |i_0_i10_reg_513    |    9|          2|    3|          6|
    |i_0_i26_reg_546    |    9|          2|    4|          8|
    |i_0_i42_reg_580    |    9|          2|    4|          8|
    |i_0_i_reg_480      |    9|          2|   10|         20|
    |j4_0_reg_491       |    9|          2|    4|          8|
    |j5_0_reg_524       |    9|          2|    4|          8|
    |j6_0_reg_557       |    9|          2|    4|          8|
    |j7_0_reg_601       |    9|          2|    4|          8|
    |j8_0_reg_637       |    9|          2|    4|          8|
    |j9_0_reg_648       |    9|          2|    4|          8|
    |j_0_reg_447        |    9|          2|    3|          6|
    |logits_address0    |   27|          5|    4|         20|
    |logits_d0          |   21|          4|   32|        128|
    |maxv_0_reg_591     |    9|          2|   32|         64|
    |output_r_address0  |   21|          4|    4|         16|
    |output_r_d0        |   15|          3|   32|         96|
    |p_0202_reg_613     |    9|          2|   32|         64|
    |p_Val2_14_reg_569  |    9|          2|   16|         32|
    |p_Val2_1_reg_470   |    9|          2|   16|         32|
    |p_Val2_4_reg_503   |    9|          2|   16|         32|
    |p_Val2_9_reg_536   |    9|          2|   16|         32|
    |phi_mul_reg_458    |    9|          2|   12|         24|
    |sum_0_reg_625      |    9|          2|   32|         64|
    |z4_V_address0      |   21|          4|    4|         16|
    +-------------------+-----+-----------+-----+-----------+
    |Total              |  599|        130|  372|        995|
    +-------------------+-----+-----------+-----+-----------+

    * Register: 
    +------------------------+----+----+-----+-----------+
    |          Name          | FF | LUT| Bits| Const Bits|
    +------------------------+----+----+-----+-----------+
    |add_ln1117_reg_2247     |   7|   0|    7|          0|
    |add_ln88_reg_2178       |  12|   0|   12|          0|
    |ap_CS_fsm               |  53|   0|   53|          0|
    |e_reg_2561              |  32|   0|   32|          0|
    |i_0_i10_reg_513         |   3|   0|    3|          0|
    |i_0_i26_reg_546         |   4|   0|    4|          0|
    |i_0_i42_reg_580         |   4|   0|    4|          0|
    |i_0_i_reg_480           |  10|   0|   10|          0|
    |i_1_reg_2260            |   3|   0|    3|          0|
    |i_2_reg_2311            |   4|   0|    4|          0|
    |i_3_reg_2367            |   4|   0|    4|          0|
    |i_reg_2209              |  10|   0|   10|          0|
    |icmp_ln111_1_reg_2491   |   1|   0|    1|          0|
    |icmp_ln111_reg_2486     |   1|   0|    1|          0|
    |icmp_ln935_1_reg_2445   |   1|   0|    1|          0|
    |icmp_ln935_reg_2387     |   1|   0|    1|          0|
    |icmp_ln958_1_reg_2466   |   1|   0|    1|          0|
    |icmp_ln958_2_reg_2518   |   1|   0|    1|          0|
    |icmp_ln958_reg_2408     |   1|   0|    1|          0|
    |j4_0_reg_491            |   4|   0|    4|          0|
    |j5_0_reg_524            |   4|   0|    4|          0|
    |j6_0_reg_557            |   4|   0|    4|          0|
    |j7_0_reg_601            |   4|   0|    4|          0|
    |j8_0_reg_637            |   4|   0|    4|          0|
    |j9_0_reg_648            |   4|   0|    4|          0|
    |j_0_reg_447             |   3|   0|    3|          0|
    |j_1_reg_2232            |   4|   0|    4|          0|
    |j_2_reg_2283            |   4|   0|    4|          0|
    |j_3_reg_2334            |   4|   0|    4|          0|
    |j_4_reg_2536            |   4|   0|    4|          0|
    |j_5_reg_2481            |   4|   0|    4|          0|
    |j_6_reg_2574            |   4|   0|    4|          0|
    |j_reg_2186              |   3|   0|    3|          0|
    |maxv_0_reg_591          |  32|   0|   32|          0|
    |or_ln949_2_reg_2461     |   1|   0|   32|         31|
    |or_ln949_4_reg_2513     |   1|   0|   32|         31|
    |or_ln_reg_2403          |   1|   0|   32|         31|
    |output_addr_1_reg_2579  |   4|   0|    4|          0|
    |output_load_reg_2584    |  32|   0|   32|          0|
    |p_0202_reg_613          |  32|   0|   32|          0|
    |p_Result_21_reg_2392    |   1|   0|    1|          0|
    |p_Result_24_reg_2450    |   1|   0|    1|          0|
    |p_Result_27_reg_2496    |   1|   0|    1|          0|
    |p_Val2_14_reg_569       |  16|   0|   16|          0|
    |p_Val2_1_reg_470        |  16|   0|   16|          0|
    |p_Val2_4_reg_503        |  16|   0|   16|          0|
    |p_Val2_9_reg_536        |  16|   0|   16|          0|
    |phi_mul_reg_458         |  12|   0|   12|          0|
    |reg_721                 |  16|   0|   16|          0|
    |select_ln935_reg_2418   |  32|   0|   32|          0|
    |sub_ln944_1_reg_2455    |  32|   0|   32|          0|
    |sub_ln944_2_reg_2507    |  32|   0|   32|          0|
    |sub_ln944_reg_2397      |  32|   0|   32|          0|
    |sum_0_reg_625           |  32|   0|   32|          0|
    |tmp_2_reg_2589          |  32|   0|   32|          0|
    |tmp_V_11_reg_2438       |  16|   0|   16|          0|
    |tmp_V_13_reg_2501       |  16|   0|   16|          0|
    |tmp_reg_2556            |  32|   0|   32|          0|
    |trunc_ln943_1_reg_2471  |   8|   0|    8|          0|
    |trunc_ln943_2_reg_2523  |   8|   0|    8|          0|
    |trunc_ln943_reg_2413    |   8|   0|    8|          0|
    |zext_ln104_1_reg_2354   |   4|   0|    8|          4|
    |zext_ln104_reg_2339     |   4|   0|   64|         60|
    |zext_ln110_reg_2427     |   4|   0|   64|         60|
    |zext_ln119_reg_2541     |   4|   0|   64|         60|
    |zext_ln89_reg_2191      |   3|   0|   64|         61|
    |zext_ln94_reg_2237      |   4|   0|   64|         60|
    |zext_ln99_1_reg_2298    |   4|   0|    8|          4|
    |zext_ln99_reg_2288      |   4|   0|   64|         60|
    +------------------------+----+----+-----+-----------+
    |Total                   | 716|   0| 1178|        462|
    +------------------------+----+----+-----+-----------+



================================================================
== Interface
================================================================
* Summary: 
+-------------------+-----+-----+------------+--------------+--------------+
|     RTL Ports     | Dir | Bits|  Protocol  | Source Object|    C Type    |
+-------------------+-----+-----+------------+--------------+--------------+
|ap_clk             |  in |    1| ap_ctrl_hs |      mlp     | return value |
|ap_rst             |  in |    1| ap_ctrl_hs |      mlp     | return value |
|ap_start           |  in |    1| ap_ctrl_hs |      mlp     | return value |
|ap_done            | out |    1| ap_ctrl_hs |      mlp     | return value |
|ap_idle            | out |    1| ap_ctrl_hs |      mlp     | return value |
|ap_ready           | out |    1| ap_ctrl_hs |      mlp     | return value |
|input_V_address0   | out |   10|  ap_memory |    input_V   |     array    |
|input_V_ce0        | out |    1|  ap_memory |    input_V   |     array    |
|input_V_q0         |  in |   16|  ap_memory |    input_V   |     array    |
|output_r_address0  | out |    4|  ap_memory |   output_r   |     array    |
|output_r_ce0       | out |    1|  ap_memory |   output_r   |     array    |
|output_r_we0       | out |    1|  ap_memory |   output_r   |     array    |
|output_r_d0        | out |   32|  ap_memory |   output_r   |     array    |
|output_r_q0        |  in |   32|  ap_memory |   output_r   |     array    |
+-------------------+-----+-----+------------+--------------+--------------+

