#-----------------------------------------------------------
# Vivado v2019.1 (64-bit)
# SW Build 2552052 on Fri May 24 14:47:09 MDT 2019
# IP Build 2548770 on Fri May 24 18:01:18 MDT 2019
# Start of session at: Mon Aug 31 20:50:29 2026
# Process ID: 152304
# Current directory: /home/sten/Uni/HardwareArchitecturesforAI/Lab4/neuron_FP/solution1/.autopilot/db/ip_tmp
# Command line: vivado  -notrace -mode batch -source run_vivado_gen_ip.tcl
# Log file: /home/sten/Uni/HardwareArchitecturesforAI/Lab4/neuron_FP/solution1/.autopilot/db/ip_tmp/vivado.log
# Journal file: /home/sten/Uni/HardwareArchitecturesforAI/Lab4/neuron_FP/solution1/.autopilot/db/ip_tmp/vivado.jou
#-----------------------------------------------------------
source run_vivado_gen_ip.tcl -notrace
INFO: [IP_Flow 19-234] Refreshing IP repositories
INFO: [IP_Flow 19-1704] No user IP repositories specified
INFO: [IP_Flow 19-2313] Loaded Vivado IP repository '/home/sten/vivado/Vivado/2019.1/data/ip'.
WARNING: [IP_Flow 19-4832] The IP name 'neuron_ap_fmul_1_max_dsp_32' you have specified is long. The Windows operating system has path length limitations. It is recommended you use shorter names to reduce the likelihood of issues.
create_ip: Time (s): cpu = 00:00:02 ; elapsed = 00:00:08 . Memory (MB): peak = 1416.938 ; gain = 42.160 ; free physical = 2141 ; free virtual = 12523
INFO: [IP_Flow 19-1686] Generating 'Synthesis' target for IP 'neuron_ap_fmul_1_max_dsp_32'...
INFO: [IP_Flow 19-1686] Generating 'Simulation' target for IP 'neuron_ap_fmul_1_max_dsp_32'...
WARNING: [IP_Flow 19-4832] The IP name 'neuron_ap_fadd_2_full_dsp_32' you have specified is long. The Windows operating system has path length limitations. It is recommended you use shorter names to reduce the likelihood of issues.
INFO: [IP_Flow 19-1686] Generating 'Synthesis' target for IP 'neuron_ap_fadd_2_full_dsp_32'...
INFO: [IP_Flow 19-1686] Generating 'Simulation' target for IP 'neuron_ap_fadd_2_full_dsp_32'...
INFO: [Common 17-206] Exiting Vivado at Mon Aug 31 20:50:45 2026...
