

================================================================
== Vivado HLS Report for 'mlp'
================================================================
* Date:           Thu Sep  3 11:21:36 2026

* Version:        2019.1 (Build 2552052 on Fri May 24 15:28:33 MDT 2019)
* Project:        pruned_mlp
* Solution:       sol_p_10
* Product family: zynquplus
* Target device:  xczu3eg-sbva484-1-i


================================================================
== Performance Estimates
================================================================
+ Timing (ns): 
    * Summary: 
    +--------+-------+----------+------------+
    |  Clock | Target| Estimated| Uncertainty|
    +--------+-------+----------+------------+
    |ap_clk  |  10.00|     8.507|        1.25|
    +--------+-------+----------+------------+

+ Latency (clock cycles): 
    * Summary: 
    +------+------+------+------+---------+
    |   Latency   |   Interval  | Pipeline|
    |  min |  max |  min |  max |   Type  |
    +------+------+------+------+---------+
    |  8645|  8645|  8645|  8645|   none  |
    +------+------+------+------+---------+

    + Detail: 
        * Instance: 
        N/A

        * Loop: 
        +----------------+------+------+----------+-----------+-----------+------+----------+
        |                |   Latency   | Iteration|  Initiation Interval  | Trip |          |
        |    Loop Name   |  min |  max |  Latency |  achieved |   target  | Count| Pipelined|
        +----------------+------+------+----------+-----------+-----------+------+----------+
        |- layer1        |  7855|  7855|      1571|          -|          -|     5|    no    |
        | + neuron_mac   |  1568|  1568|         2|          -|          -|   784|    no    |
        |- layer2        |   104|   104|        13|          -|          -|     8|    no    |
        | + neuron_mac   |    10|    10|         2|          -|          -|     5|    no    |
        |- layer3        |   152|   152|        19|          -|          -|     8|    no    |
        | + neuron_mac   |    16|    16|         2|          -|          -|     8|    no    |
        |- layer4        |   190|   190|        19|          -|          -|    10|    no    |
        | + neuron_mac   |    16|    16|         2|          -|          -|     8|    no    |
        |- Loop 5        |    45|    45|         5|          -|          -|     9|    no    |
        |- softmax_exp   |   170|   170|        17|          -|          -|    10|    no    |
        |- softmax_norm  |   120|   120|        12|          -|          -|    10|    no    |
        +----------------+------+------+----------+-----------+-----------+------+----------+



================================================================
== Utilization Estimates
================================================================
* Summary: 
+-----------------+---------+-------+--------+-------+-----+
|       Name      | BRAM_18K| DSP48E|   FF   |  LUT  | URAM|
+-----------------+---------+-------+--------+-------+-----+
|DSP              |        -|      4|       -|      -|    -|
|Expression       |        -|      -|     120|   3166|    -|
|FIFO             |        -|      -|       -|      -|    -|
|Instance         |        -|      9|    1028|   1987|    -|
|Memory           |        5|      -|     309|     51|    0|
|Multiplexer      |        -|      -|       -|    599|    -|
|Register         |        -|      -|     744|      -|    -|
+-----------------+---------+-------+--------+-------+-----+
|Total            |        5|     13|    2201|   5803|    0|
+-----------------+---------+-------+--------+-------+-----+
|Available        |      432|    360|  141120|  70560|    0|
+-----------------+---------+-------+--------+-------+-----+
|Utilization (%)  |        1|      3|       1|      8|    0|
+-----------------+---------+-------+--------+-------+-----+

+ Detail: 
    * Instance: 
    +-------------------------------------------+----------------------------------------+---------+-------+-----+-----+-----+
    |                  Instance                 |                 Module                 | BRAM_18K| DSP48E|  FF | LUT | URAM|
    +-------------------------------------------+----------------------------------------+---------+-------+-----+-----+-----+
    |mlp_faddfsub_32ns_32ns_32_4_full_dsp_1_U1  |mlp_faddfsub_32ns_32ns_32_4_full_dsp_1  |        0|      2|  227|  214|    0|
    |mlp_fcmp_32ns_32ns_1_2_1_U3                |mlp_fcmp_32ns_32ns_1_2_1                |        0|      0|   66|   66|    0|
    |mlp_fdiv_32ns_32ns_32_9_1_U2               |mlp_fdiv_32ns_32ns_32_9_1               |        0|      0|  411|  802|    0|
    |mlp_fexp_32ns_32ns_32_8_full_dsp_1_U4      |mlp_fexp_32ns_32ns_32_8_full_dsp_1      |        0|      7|  324|  905|    0|
    +-------------------------------------------+----------------------------------------+---------+-------+-----+-----+-----+
    |Total                                      |                                        |        0|      9| 1028| 1987|    0|
    +-------------------------------------------+----------------------------------------+---------+-------+-----+-----+-----+

    * DSP48E: 
    +----------------------------------------+-------------------------------------+--------------+
    |                Instance                |                Module               |  Expression  |
    +----------------------------------------+-------------------------------------+--------------+
    |mlp_mac_muladd_19ns_15s_34ns_34_1_1_U7  |mlp_mac_muladd_19ns_15s_34ns_34_1_1  | i0 + i1 * i2 |
    |mlp_mac_muladd_19ns_16s_34ns_34_1_1_U6  |mlp_mac_muladd_19ns_16s_34ns_34_1_1  | i0 + i1 * i2 |
    |mlp_mac_muladd_19ns_16s_34ns_34_1_1_U8  |mlp_mac_muladd_19ns_16s_34ns_34_1_1  | i0 + i1 * i2 |
    |mlp_mac_muladd_20s_16s_34ns_34_1_1_U5   |mlp_mac_muladd_20s_16s_34ns_34_1_1   | i0 + i1 * i2 |
    +----------------------------------------+-------------------------------------+--------------+

    * Memory: 
    +----------+------------+---------+----+----+-----+------+-----+------+-------------+
    |  Memory  |   Module   | BRAM_18K| FF | LUT| URAM| Words| Bits| Banks| W*Bits*Banks|
    +----------+------------+---------+----+----+-----+------+-----+------+-------------+
    |B1_V_U    |mlp_B1_V    |        0|  13|   2|    0|     5|   13|     1|           65|
    |B2_V_U    |mlp_B2_V    |        0|  15|   2|    0|     8|   15|     1|          120|
    |B3_V_U    |mlp_B3_V    |        0|  16|   2|    0|     8|   16|     1|          128|
    |B4_V_U    |mlp_B4_V    |        0|  16|   3|    0|    10|   16|     1|          160|
    |W1_V_U    |mlp_W1_V    |        4|   0|   0|    0|  3920|   16|     1|        62720|
    |W2_V_U    |mlp_W2_V    |        0|  16|  10|    0|    40|   16|     1|          640|
    |W3_V_U    |mlp_W3_V    |        0|  15|  15|    0|    64|   15|     1|          960|
    |W4_V_U    |mlp_W4_V    |        1|   0|   0|    0|    80|   16|     1|         1280|
    |a1_V_U    |mlp_a1_V    |        0|  38|   2|    0|     5|   19|     1|           95|
    |a2_V_U    |mlp_a2_V    |        0|  38|   3|    0|     8|   19|     1|          152|
    |a3_V_U    |mlp_a2_V    |        0|  38|   3|    0|     8|   19|     1|          152|
    |logits_U  |mlp_logits  |        0|  64|   5|    0|    10|   32|     1|          320|
    |z4_V_U    |mlp_z4_V    |        0|  40|   4|    0|    10|   20|     1|          200|
    +----------+------------+---------+----+----+-----+------+-----+------+-------------+
    |Total     |            |        5| 309|  51|    0|  4176|  232|    13|        66992|
    +----------+------------+---------+----+----+-----+------+-----+------+-------------+

    * FIFO: 
    N/A

    * Expression: 
    +---------------------------+----------+-------+----+-----+------------+------------+
    |       Variable Name       | Operation| DSP48E| FF | LUT | Bitwidth P0| Bitwidth P1|
    +---------------------------+----------+-------+----+-----+------------+------------+
    |add_ln1117_1_fu_779_p2     |     +    |      0|   0|   19|          12|          12|
    |add_ln1117_2_fu_900_p2     |     +    |      0|   0|   15|           7|           7|
    |add_ln1117_3_fu_1010_p2    |     +    |      0|   0|   15|           8|           8|
    |add_ln1117_4_fu_1120_p2    |     +    |      0|   0|   15|           8|           8|
    |add_ln1117_fu_869_p2       |     +    |      0|   0|   15|           7|           7|
    |add_ln88_fu_731_p2         |     +    |      0|   0|   19|          12|          10|
    |add_ln949_1_fu_1539_p2     |     +    |      0|   0|   27|           6|          20|
    |add_ln949_2_fu_1871_p2     |     +    |      0|   0|   27|           6|          20|
    |add_ln949_fu_1255_p2       |     +    |      0|   0|   27|           6|          20|
    |add_ln958_1_fu_1591_p2     |     +    |      0|   0|   39|           6|          32|
    |add_ln958_2_fu_1992_p2     |     +    |      0|   0|   39|           6|          32|
    |add_ln958_fu_1307_p2       |     +    |      0|   0|   39|           6|          32|
    |add_ln964_1_fu_1672_p2     |     +    |      0|   0|   19|           8|           8|
    |add_ln964_2_fu_2073_p2     |     +    |      0|   0|   19|           8|           8|
    |add_ln964_fu_1388_p2       |     +    |      0|   0|   19|           8|           8|
    |i_1_fu_885_p2              |     +    |      0|   0|   11|           3|           1|
    |i_2_fu_995_p2              |     +    |      0|   0|   12|           4|           1|
    |i_3_fu_1105_p2             |     +    |      0|   0|   12|           4|           1|
    |i_fu_764_p2                |     +    |      0|   0|   17|          10|           1|
    |j_1_fu_842_p2              |     +    |      0|   0|   12|           4|           1|
    |j_2_fu_962_p2              |     +    |      0|   0|   12|           4|           1|
    |j_3_fu_1072_p2             |     +    |      0|   0|   12|           4|           1|
    |j_4_fu_2120_p2             |     +    |      0|   0|   12|           4|           1|
    |j_5_fu_1706_p2             |     +    |      0|   0|   12|           1|           4|
    |j_6_fu_2137_p2             |     +    |      0|   0|   12|           4|           1|
    |j_fu_743_p2                |     +    |      0|   0|   11|           3|           1|
    |lsb_index_1_fu_1465_p2     |     +    |      0|   0|   39|           6|          32|
    |lsb_index_2_fu_1797_p2     |     +    |      0|   0|   39|           6|          32|
    |lsb_index_fu_1181_p2       |     +    |      0|   0|   39|           6|          32|
    |m_17_fu_1631_p2            |     +    |      0|   0|   71|          64|          64|
    |m_23_fu_2032_p2            |     +    |      0|   0|   71|          64|          64|
    |m_2_fu_1347_p2             |     +    |      0|   0|   71|          64|          64|
    |grp_fu_703_p2              |     -    |      0|   0|   27|           1|          20|
    |sub_ln944_1_fu_1455_p2     |     -    |      0|   0|   39|           5|          32|
    |sub_ln944_2_fu_1787_p2     |     -    |      0|   0|   39|           5|          32|
    |sub_ln944_fu_1171_p2       |     -    |      0|   0|   39|           5|          32|
    |sub_ln947_1_fu_1491_p2     |     -    |      0|   0|   15|           4|           5|
    |sub_ln947_2_fu_1823_p2     |     -    |      0|   0|   15|           4|           5|
    |sub_ln947_fu_1207_p2       |     -    |      0|   0|   15|           4|           5|
    |sub_ln958_1_fu_1606_p2     |     -    |      0|   0|   39|           5|          32|
    |sub_ln958_2_fu_2007_p2     |     -    |      0|   0|   39|           5|          32|
    |sub_ln958_fu_1322_p2       |     -    |      0|   0|   39|           5|          32|
    |sub_ln964_1_fu_1667_p2     |     -    |      0|   0|   19|           3|           8|
    |sub_ln964_2_fu_2068_p2     |     -    |      0|   0|   19|           3|           8|
    |sub_ln964_fu_1383_p2       |     -    |      0|   0|   19|           3|           8|
    |tmp_V_7_fu_1749_p2         |     -    |      0|   0|   27|           1|          20|
    |a_1_fu_1519_p2             |    and   |      0|   0|    2|           1|           1|
    |a_2_fu_1851_p2             |    and   |      0|   0|    2|           1|           1|
    |a_fu_1235_p2               |    and   |      0|   0|    2|           1|           1|
    |and_ln111_1_fu_1961_p2     |    and   |      0|   0|    2|           1|           1|
    |and_ln111_fu_1955_p2       |    and   |      0|   0|    2|           1|           1|
    |and_ln949_1_fu_1553_p2     |    and   |      0|   0|    2|           1|           1|
    |and_ln949_2_fu_1885_p2     |    and   |      0|   0|    2|           1|           1|
    |and_ln949_fu_1269_p2       |    and   |      0|   0|    2|           1|           1|
    |p_Result_12_fu_1507_p2     |    and   |      0|   0|   20|          20|          20|
    |p_Result_18_fu_1839_p2     |    and   |      0|   0|   20|          20|          20|
    |p_Result_4_fu_1223_p2      |    and   |      0|   0|   20|          20|          20|
    |l_1_fu_1447_p3             |   cttz   |      0|  40|   36|          32|           0|
    |l_2_fu_1779_p3             |   cttz   |      0|  40|   36|          32|           0|
    |l_fu_1163_p3               |   cttz   |      0|  40|   36|          32|           0|
    |grp_fu_689_p2              |   icmp   |      0|   0|   20|          20|           1|
    |icmp_ln103_fu_1066_p2      |   icmp   |      0|   0|    9|           4|           4|
    |icmp_ln109_fu_1428_p2      |   icmp   |      0|   0|    9|           4|           4|
    |icmp_ln111_1_fu_1736_p2    |   icmp   |      0|   0|   20|          23|           1|
    |icmp_ln111_2_fu_1937_p2    |   icmp   |      0|   0|   11|           8|           2|
    |icmp_ln111_3_fu_1943_p2    |   icmp   |      0|   0|   20|          23|           1|
    |icmp_ln111_fu_1730_p2      |   icmp   |      0|   0|   11|           8|           2|
    |icmp_ln118_fu_2114_p2      |   icmp   |      0|   0|    9|           4|           4|
    |icmp_ln124_fu_2131_p2      |   icmp   |      0|   0|    9|           4|           4|
    |icmp_ln68_1_fu_879_p2      |   icmp   |      0|   0|    9|           3|           3|
    |icmp_ln68_2_fu_989_p2      |   icmp   |      0|   0|   11|           4|           5|
    |icmp_ln68_3_fu_1099_p2     |   icmp   |      0|   0|   11|           4|           5|
    |icmp_ln68_fu_758_p2        |   icmp   |      0|   0|   13|          10|           9|
    |icmp_ln88_fu_737_p2        |   icmp   |      0|   0|    9|           3|           3|
    |icmp_ln93_fu_836_p2        |   icmp   |      0|   0|   11|           4|           5|
    |icmp_ln947_1_fu_1229_p2    |   icmp   |      0|   0|   20|          20|           1|
    |icmp_ln947_2_fu_1481_p2    |   icmp   |      0|   0|   20|          31|           1|
    |icmp_ln947_3_fu_1513_p2    |   icmp   |      0|   0|   20|          20|           1|
    |icmp_ln947_4_fu_1813_p2    |   icmp   |      0|   0|   20|          31|           1|
    |icmp_ln947_5_fu_1845_p2    |   icmp   |      0|   0|   20|          20|           1|
    |icmp_ln947_fu_1197_p2      |   icmp   |      0|   0|   20|          31|           1|
    |icmp_ln958_1_fu_1573_p2    |   icmp   |      0|   0|   20|          32|           1|
    |icmp_ln958_2_fu_1905_p2    |   icmp   |      0|   0|   20|          32|           1|
    |icmp_ln958_fu_1289_p2      |   icmp   |      0|   0|   20|          32|           1|
    |icmp_ln98_fu_956_p2        |   icmp   |      0|   0|   11|           4|           5|
    |lshr_ln947_1_fu_1501_p2    |   lshr   |      0|   0|   53|           2|          20|
    |lshr_ln947_2_fu_1833_p2    |   lshr   |      0|   0|   53|           2|          20|
    |lshr_ln947_fu_1217_p2      |   lshr   |      0|   0|   53|           2|          20|
    |lshr_ln958_1_fu_1596_p2    |   lshr   |      0|   0|  101|          32|          32|
    |lshr_ln958_2_fu_1997_p2    |   lshr   |      0|   0|  101|          32|          32|
    |lshr_ln958_fu_1312_p2      |   lshr   |      0|   0|  101|          32|          32|
    |or_ln111_1_fu_1933_p2      |    or    |      0|   0|    2|           1|           1|
    |or_ln111_2_fu_1949_p2      |    or    |      0|   0|    2|           1|           1|
    |or_ln111_fu_1973_p2        |    or    |      0|   0|    2|           1|           1|
    |or_ln949_1_fu_1559_p2      |    or    |      0|   0|    2|           1|           1|
    |or_ln949_3_fu_1891_p2      |    or    |      0|   0|    2|           1|           1|
    |or_ln949_fu_1275_p2        |    or    |      0|   0|    2|           1|           1|
    |a1_V_d0                    |  select  |      0|   0|   19|           1|           1|
    |a2_V_d0                    |  select  |      0|   0|   19|           1|           1|
    |a3_V_d0                    |  select  |      0|   0|   19|           1|           1|
    |grp_fu_709_p3              |  select  |      0|   0|   20|           1|          20|
    |m_16_fu_1621_p3            |  select  |      0|   0|   56|           1|          64|
    |m_1_fu_1337_p3             |  select  |      0|   0|   56|           1|          64|
    |m_22_fu_2022_p3            |  select  |      0|   0|   56|           1|          64|
    |select_ln111_1_fu_2106_p3  |  select  |      0|   0|   32|           1|          32|
    |select_ln111_fu_1978_p3    |  select  |      0|   0|   32|           1|           1|
    |select_ln935_fu_1421_p3    |  select  |      0|   0|   32|           1|           1|
    |select_ln964_1_fu_1659_p3  |  select  |      0|   0|    7|           1|           7|
    |select_ln964_2_fu_2060_p3  |  select  |      0|   0|    7|           1|           7|
    |select_ln964_fu_1375_p3    |  select  |      0|   0|    7|           1|           7|
    |tmp_V_13_fu_1754_p3        |  select  |      0|   0|   20|           1|          20|
    |shl_ln958_1_fu_1615_p2     |    shl   |      0|   0|  179|          64|          64|
    |shl_ln958_2_fu_2016_p2     |    shl   |      0|   0|  179|          64|          64|
    |shl_ln958_fu_1331_p2       |    shl   |      0|   0|  179|          64|          64|
    |xor_ln111_fu_1967_p2       |    xor   |      0|   0|    2|           2|           1|
    |xor_ln949_1_fu_1533_p2     |    xor   |      0|   0|    2|           1|           2|
    |xor_ln949_2_fu_1865_p2     |    xor   |      0|   0|    2|           1|           2|
    |xor_ln949_fu_1249_p2       |    xor   |      0|   0|    2|           1|           2|
    +---------------------------+----------+-------+----+-----+------------+------------+
    |Total                      |          |      0| 120| 3166|        1284|        1591|
    +---------------------------+----------+-------+----+-----+------------+------------+

    * Multiplexer: 
    +-------------------+-----+-----------+-----+-----------+
    |        Name       | LUT | Input Size| Bits| Total Bits|
    +-------------------+-----+-----------+-----+-----------+
    |a1_V_address0      |   15|          3|    3|          9|
    |a2_V_address0      |   15|          3|    3|          9|
    |a3_V_address0      |   15|          3|    3|          9|
    |ap_NS_fsm          |  233|         54|    1|         54|
    |grp_fu_665_opcode  |   15|          3|    2|          6|
    |grp_fu_665_p0      |   15|          3|   32|         96|
    |grp_fu_665_p1      |   15|          3|   32|         96|
    |i_0_i10_reg_519    |    9|          2|    3|          6|
    |i_0_i26_reg_552    |    9|          2|    4|          8|
    |i_0_i42_reg_586    |    9|          2|    4|          8|
    |i_0_i_reg_486      |    9|          2|   10|         20|
    |j4_0_reg_497       |    9|          2|    4|          8|
    |j5_0_reg_530       |    9|          2|    4|          8|
    |j6_0_reg_563       |    9|          2|    4|          8|
    |j7_0_reg_607       |    9|          2|    4|          8|
    |j8_0_reg_643       |    9|          2|    4|          8|
    |j9_0_reg_654       |    9|          2|    4|          8|
    |j_0_reg_453        |    9|          2|    3|          6|
    |logits_address0    |   27|          5|    4|         20|
    |logits_d0          |   21|          4|   32|        128|
    |maxv_0_reg_597     |    9|          2|   32|         64|
    |output_r_address0  |   21|          4|    4|         16|
    |output_r_d0        |   15|          3|   32|         96|
    |p_0202_reg_619     |    9|          2|   32|         64|
    |p_Val2_14_reg_575  |    9|          2|   20|         40|
    |p_Val2_1_reg_476   |    9|          2|   20|         40|
    |p_Val2_4_reg_509   |    9|          2|   20|         40|
    |p_Val2_9_reg_542   |    9|          2|   20|         40|
    |phi_mul_reg_464    |    9|          2|   12|         24|
    |sum_0_reg_631      |    9|          2|   32|         64|
    |z4_V_address0      |   21|          4|    4|         16|
    +-------------------+-----+-----------+-----+-----------+
    |Total              |  599|        130|  388|       1027|
    +-------------------+-----+-----------+-----+-----------+

    * Register: 
    +------------------------+----+----+-----+-----------+
    |          Name          | FF | LUT| Bits| Const Bits|
    +------------------------+----+----+-----+-----------+
    |add_ln1117_reg_2253     |   7|   0|    7|          0|
    |add_ln88_reg_2184       |  12|   0|   12|          0|
    |ap_CS_fsm               |  53|   0|   53|          0|
    |e_reg_2567              |  32|   0|   32|          0|
    |i_0_i10_reg_519         |   3|   0|    3|          0|
    |i_0_i26_reg_552         |   4|   0|    4|          0|
    |i_0_i42_reg_586         |   4|   0|    4|          0|
    |i_0_i_reg_486           |  10|   0|   10|          0|
    |i_1_reg_2266            |   3|   0|    3|          0|
    |i_2_reg_2317            |   4|   0|    4|          0|
    |i_3_reg_2373            |   4|   0|    4|          0|
    |i_reg_2215              |  10|   0|   10|          0|
    |icmp_ln111_1_reg_2497   |   1|   0|    1|          0|
    |icmp_ln111_reg_2492     |   1|   0|    1|          0|
    |icmp_ln935_1_reg_2451   |   1|   0|    1|          0|
    |icmp_ln935_reg_2393     |   1|   0|    1|          0|
    |icmp_ln958_1_reg_2472   |   1|   0|    1|          0|
    |icmp_ln958_2_reg_2524   |   1|   0|    1|          0|
    |icmp_ln958_reg_2414     |   1|   0|    1|          0|
    |j4_0_reg_497            |   4|   0|    4|          0|
    |j5_0_reg_530            |   4|   0|    4|          0|
    |j6_0_reg_563            |   4|   0|    4|          0|
    |j7_0_reg_607            |   4|   0|    4|          0|
    |j8_0_reg_643            |   4|   0|    4|          0|
    |j9_0_reg_654            |   4|   0|    4|          0|
    |j_0_reg_453             |   3|   0|    3|          0|
    |j_1_reg_2238            |   4|   0|    4|          0|
    |j_2_reg_2289            |   4|   0|    4|          0|
    |j_3_reg_2340            |   4|   0|    4|          0|
    |j_4_reg_2542            |   4|   0|    4|          0|
    |j_5_reg_2487            |   4|   0|    4|          0|
    |j_6_reg_2580            |   4|   0|    4|          0|
    |j_reg_2192              |   3|   0|    3|          0|
    |maxv_0_reg_597          |  32|   0|   32|          0|
    |or_ln949_2_reg_2467     |   1|   0|   32|         31|
    |or_ln949_4_reg_2519     |   1|   0|   32|         31|
    |or_ln_reg_2409          |   1|   0|   32|         31|
    |output_addr_1_reg_2585  |   4|   0|    4|          0|
    |output_load_reg_2590    |  32|   0|   32|          0|
    |p_0202_reg_619          |  32|   0|   32|          0|
    |p_Result_21_reg_2398    |   1|   0|    1|          0|
    |p_Result_24_reg_2456    |   1|   0|    1|          0|
    |p_Result_27_reg_2502    |   1|   0|    1|          0|
    |p_Val2_14_reg_575       |  20|   0|   20|          0|
    |p_Val2_1_reg_476        |  20|   0|   20|          0|
    |p_Val2_4_reg_509        |  20|   0|   20|          0|
    |p_Val2_9_reg_542        |  20|   0|   20|          0|
    |phi_mul_reg_464         |  12|   0|   12|          0|
    |reg_727                 |  20|   0|   20|          0|
    |select_ln935_reg_2424   |  32|   0|   32|          0|
    |sub_ln944_1_reg_2461    |  32|   0|   32|          0|
    |sub_ln944_2_reg_2513    |  32|   0|   32|          0|
    |sub_ln944_reg_2403      |  32|   0|   32|          0|
    |sum_0_reg_631           |  32|   0|   32|          0|
    |tmp_2_reg_2595          |  32|   0|   32|          0|
    |tmp_V_11_reg_2444       |  20|   0|   20|          0|
    |tmp_V_13_reg_2507       |  20|   0|   20|          0|
    |tmp_reg_2562            |  32|   0|   32|          0|
    |trunc_ln943_1_reg_2477  |   8|   0|    8|          0|
    |trunc_ln943_2_reg_2529  |   8|   0|    8|          0|
    |trunc_ln943_reg_2419    |   8|   0|    8|          0|
    |zext_ln104_1_reg_2360   |   4|   0|    8|          4|
    |zext_ln104_reg_2345     |   4|   0|   64|         60|
    |zext_ln110_reg_2433     |   4|   0|   64|         60|
    |zext_ln119_reg_2547     |   4|   0|   64|         60|
    |zext_ln89_reg_2197      |   3|   0|   64|         61|
    |zext_ln94_reg_2243      |   4|   0|   64|         60|
    |zext_ln99_1_reg_2304    |   4|   0|    8|          4|
    |zext_ln99_reg_2294      |   4|   0|   64|         60|
    +------------------------+----+----+-----+-----------+
    |Total                   | 744|   0| 1206|        462|
    +------------------------+----+----+-----+-----------+



================================================================
== Interface
================================================================
* Summary: 
+-------------------+-----+-----+------------+--------------+--------------+
|     RTL Ports     | Dir | Bits|  Protocol  | Source Object|    C Type    |
+-------------------+-----+-----+------------+--------------+--------------+
|ap_clk             |  in |    1| ap_ctrl_hs |      mlp     | return value |
|ap_rst             |  in |    1| ap_ctrl_hs |      mlp     | return value |
|ap_start           |  in |    1| ap_ctrl_hs |      mlp     | return value |
|ap_done            | out |    1| ap_ctrl_hs |      mlp     | return value |
|ap_idle            | out |    1| ap_ctrl_hs |      mlp     | return value |
|ap_ready           | out |    1| ap_ctrl_hs |      mlp     | return value |
|input_V_address0   | out |   10|  ap_memory |    input_V   |     array    |
|input_V_ce0        | out |    1|  ap_memory |    input_V   |     array    |
|input_V_q0         |  in |   20|  ap_memory |    input_V   |     array    |
|output_r_address0  | out |    4|  ap_memory |   output_r   |     array    |
|output_r_ce0       | out |    1|  ap_memory |   output_r   |     array    |
|output_r_we0       | out |    1|  ap_memory |   output_r   |     array    |
|output_r_d0        | out |   32|  ap_memory |   output_r   |     array    |
|output_r_q0        |  in |   32|  ap_memory |   output_r   |     array    |
+-------------------+-----+-----+------------+--------------+--------------+

