

================================================================
== Vivado HLS Report for 'mlp'
================================================================
* Date:           Thu Sep  3 11:24:11 2026

* Version:        2019.1 (Build 2552052 on Fri May 24 15:28:33 MDT 2019)
* Project:        pruned_mlp
* Solution:       sol_p_5
* Product family: zynquplus
* Target device:  xczu3eg-sbva484-1-i


================================================================
== Performance Estimates
================================================================
+ Timing (ns): 
    * Summary: 
    +--------+-------+----------+------------+
    |  Clock | Target| Estimated| Uncertainty|
    +--------+-------+----------+------------+
    |ap_clk  |   5.00|     4.354|        0.62|
    +--------+-------+----------+------------+

+ Latency (clock cycles): 
    * Summary: 
    +------+------+------+------+---------+
    |   Latency   |   Interval  | Pipeline|
    |  min |  max |  min |  max |   Type  |
    +------+------+------+------+---------+
    |  8857|  8866|  8857|  8866|   none  |
    +------+------+------+------+---------+

    + Detail: 
        * Instance: 
        N/A

        * Loop: 
        +----------------+------+------+----------+-----------+-----------+------+----------+
        |                |   Latency   | Iteration|  Initiation Interval  | Trip |          |
        |    Loop Name   |  min |  max |  Latency |  achieved |   target  | Count| Pipelined|
        +----------------+------+------+----------+-----------+-----------+------+----------+
        |- layer1        |  7855|  7855|      1571|          -|          -|     5|    no    |
        | + neuron_mac   |  1568|  1568|         2|          -|          -|   784|    no    |
        |- layer2        |   104|   104|        13|          -|          -|     8|    no    |
        | + neuron_mac   |    10|    10|         2|          -|          -|     5|    no    |
        |- layer3        |   152|   152|        19|          -|          -|     8|    no    |
        | + neuron_mac   |    16|    16|         2|          -|          -|     8|    no    |
        |- layer4        |   190|   190|        19|          -|          -|    10|    no    |
        | + neuron_mac   |    16|    16|         2|          -|          -|     8|    no    |
        |- Loop 5        |    45|    54|   5 ~ 6  |          -|          -|     9|    no    |
        |- softmax_exp   |   310|   310|        31|          -|          -|    10|    no    |
        |- softmax_norm  |   190|   190|        19|          -|          -|    10|    no    |
        +----------------+------+------+----------+-----------+-----------+------+----------+



================================================================
== Utilization Estimates
================================================================
* Summary: 
+-----------------+---------+-------+--------+-------+-----+
|       Name      | BRAM_18K| DSP48E|   FF   |  LUT  | URAM|
+-----------------+---------+-------+--------+-------+-----+
|DSP              |        -|      4|       -|      -|    -|
|Expression       |        -|      -|     120|   3206|    -|
|FIFO             |        -|      -|       -|      -|    -|
|Instance         |        -|      9|    1504|   2051|    -|
|Memory           |        5|      -|     309|     51|    0|
|Multiplexer      |        -|      -|       -|    726|    -|
|Register         |        -|      -|    1035|      -|    -|
+-----------------+---------+-------+--------+-------+-----+
|Total            |        5|     13|    2968|   6034|    0|
+-----------------+---------+-------+--------+-------+-----+
|Available        |      432|    360|  141120|  70560|    0|
+-----------------+---------+-------+--------+-------+-----+
|Utilization (%)  |        1|      3|       2|      8|    0|
+-----------------+---------+-------+--------+-------+-----+

+ Detail: 
    * Instance: 
    +-------------------------------------------+----------------------------------------+---------+-------+-----+-----+-----+
    |                  Instance                 |                 Module                 | BRAM_18K| DSP48E|  FF | LUT | URAM|
    +-------------------------------------------+----------------------------------------+---------+-------+-----+-----+-----+
    |mlp_faddfsub_32ns_32ns_32_8_full_dsp_1_U1  |mlp_faddfsub_32ns_32ns_32_8_full_dsp_1  |        0|      2|  296|  244|    0|
    |mlp_fcmp_32ns_32ns_1_2_1_U3                |mlp_fcmp_32ns_32ns_1_2_1                |        0|      0|   66|   66|    0|
    |mlp_fdiv_32ns_32ns_32_16_1_U2              |mlp_fdiv_32ns_32ns_32_16_1              |        0|      0|  761|  803|    0|
    |mlp_fexp_32ns_32ns_32_13_full_dsp_1_U4     |mlp_fexp_32ns_32ns_32_13_full_dsp_1     |        0|      7|  381|  938|    0|
    +-------------------------------------------+----------------------------------------+---------+-------+-----+-----+-----+
    |Total                                      |                                        |        0|      9| 1504| 2051|    0|
    +-------------------------------------------+----------------------------------------+---------+-------+-----+-----+-----+

    * DSP48E: 
    +----------------------------------------+-------------------------------------+--------------+
    |                Instance                |                Module               |  Expression  |
    +----------------------------------------+-------------------------------------+--------------+
    |mlp_mac_muladd_19ns_15s_34ns_34_1_1_U7  |mlp_mac_muladd_19ns_15s_34ns_34_1_1  | i0 + i1 * i2 |
    |mlp_mac_muladd_19ns_16s_34ns_34_1_1_U6  |mlp_mac_muladd_19ns_16s_34ns_34_1_1  | i0 + i1 * i2 |
    |mlp_mac_muladd_19ns_16s_34ns_34_1_1_U8  |mlp_mac_muladd_19ns_16s_34ns_34_1_1  | i0 + i1 * i2 |
    |mlp_mac_muladd_20s_16s_34ns_34_1_1_U5   |mlp_mac_muladd_20s_16s_34ns_34_1_1   | i0 + i1 * i2 |
    +----------------------------------------+-------------------------------------+--------------+

    * Memory: 
    +----------+------------+---------+----+----+-----+------+-----+------+-------------+
    |  Memory  |   Module   | BRAM_18K| FF | LUT| URAM| Words| Bits| Banks| W*Bits*Banks|
    +----------+------------+---------+----+----+-----+------+-----+------+-------------+
    |B1_V_U    |mlp_B1_V    |        0|  13|   2|    0|     5|   13|     1|           65|
    |B2_V_U    |mlp_B2_V    |        0|  15|   2|    0|     8|   15|     1|          120|
    |B3_V_U    |mlp_B3_V    |        0|  16|   2|    0|     8|   16|     1|          128|
    |B4_V_U    |mlp_B4_V    |        0|  16|   3|    0|    10|   16|     1|          160|
    |W1_V_U    |mlp_W1_V    |        4|   0|   0|    0|  3920|   16|     1|        62720|
    |W2_V_U    |mlp_W2_V    |        0|  16|  10|    0|    40|   16|     1|          640|
    |W3_V_U    |mlp_W3_V    |        0|  15|  15|    0|    64|   15|     1|          960|
    |W4_V_U    |mlp_W4_V    |        1|   0|   0|    0|    80|   16|     1|         1280|
    |a1_V_U    |mlp_a1_V    |        0|  38|   2|    0|     5|   19|     1|           95|
    |a2_V_U    |mlp_a2_V    |        0|  38|   3|    0|     8|   19|     1|          152|
    |a3_V_U    |mlp_a2_V    |        0|  38|   3|    0|     8|   19|     1|          152|
    |logits_U  |mlp_logits  |        0|  64|   5|    0|    10|   32|     1|          320|
    |z4_V_U    |mlp_z4_V    |        0|  40|   4|    0|    10|   20|     1|          200|
    +----------+------------+---------+----+----+-----+------+-----+------+-------------+
    |Total     |            |        5| 309|  51|    0|  4176|  232|    13|        66992|
    +----------+------------+---------+----+----+-----+------+-----+------+-------------+

    * FIFO: 
    N/A

    * Expression: 
    +---------------------------+----------+-------+----+-----+------------+------------+
    |       Variable Name       | Operation| DSP48E| FF | LUT | Bitwidth P0| Bitwidth P1|
    +---------------------------+----------+-------+----+-----+------------+------------+
    |add_ln1117_1_fu_754_p2     |     +    |      0|   0|   19|          12|          12|
    |add_ln1117_2_fu_875_p2     |     +    |      0|   0|   15|           7|           7|
    |add_ln1117_3_fu_985_p2     |     +    |      0|   0|   15|           8|           8|
    |add_ln1117_4_fu_1095_p2    |     +    |      0|   0|   15|           8|           8|
    |add_ln1117_fu_844_p2       |     +    |      0|   0|   15|           7|           7|
    |add_ln88_fu_706_p2         |     +    |      0|   0|   19|          12|          10|
    |add_ln949_1_fu_1562_p2     |     +    |      0|   0|   27|           6|          20|
    |add_ln949_2_fu_1886_p2     |     +    |      0|   0|   27|           6|          20|
    |add_ln949_fu_1260_p2       |     +    |      0|   0|   27|           6|          20|
    |add_ln958_1_fu_1601_p2     |     +    |      0|   0|   39|           6|          32|
    |add_ln958_2_fu_1925_p2     |     +    |      0|   0|   39|           6|          32|
    |add_ln958_fu_1304_p2       |     +    |      0|   0|   39|           6|          32|
    |add_ln964_1_fu_1688_p2     |     +    |      0|   0|   19|           8|           8|
    |add_ln964_2_fu_2083_p2     |     +    |      0|   0|   19|           8|           8|
    |add_ln964_fu_1385_p2       |     +    |      0|   0|   19|           8|           8|
    |i_1_fu_860_p2              |     +    |      0|   0|   11|           3|           1|
    |i_2_fu_970_p2              |     +    |      0|   0|   12|           4|           1|
    |i_3_fu_1080_p2             |     +    |      0|   0|   12|           4|           1|
    |i_fu_739_p2                |     +    |      0|   0|   17|          10|           1|
    |j_1_fu_817_p2              |     +    |      0|   0|   12|           4|           1|
    |j_2_fu_937_p2              |     +    |      0|   0|   12|           4|           1|
    |j_3_fu_1047_p2             |     +    |      0|   0|   12|           4|           1|
    |j_4_fu_2130_p2             |     +    |      0|   0|   12|           4|           1|
    |j_5_fu_1768_p2             |     +    |      0|   0|   12|           1|           4|
    |j_6_fu_2147_p2             |     +    |      0|   0|   12|           4|           1|
    |j_fu_718_p2                |     +    |      0|   0|   11|           3|           1|
    |lsb_index_1_fu_1489_p2     |     +    |      0|   0|   39|           6|          32|
    |lsb_index_2_fu_1813_p2     |     +    |      0|   0|   39|           6|          32|
    |lsb_index_fu_1193_p2       |     +    |      0|   0|   39|           6|          32|
    |m_17_fu_1647_p2            |     +    |      0|   0|   71|          64|          64|
    |m_23_fu_2042_p2            |     +    |      0|   0|   71|          64|          64|
    |m_2_fu_1346_p2             |     +    |      0|   0|   71|          64|          64|
    |grp_fu_695_p2              |     -    |      0|   0|   27|           1|          20|
    |sub_ln944_1_fu_1480_p2     |     -    |      0|   0|   39|           5|          32|
    |sub_ln944_2_fu_1804_p2     |     -    |      0|   0|   39|           5|          32|
    |sub_ln944_fu_1175_p2       |     -    |      0|   0|   39|           5|          32|
    |sub_ln947_1_fu_1515_p2     |     -    |      0|   0|   15|           4|           5|
    |sub_ln947_2_fu_1839_p2     |     -    |      0|   0|   15|           4|           5|
    |sub_ln947_fu_1214_p2       |     -    |      0|   0|   15|           4|           5|
    |sub_ln958_1_fu_1607_p2     |     -    |      0|   0|   39|           5|          32|
    |sub_ln958_2_fu_1931_p2     |     -    |      0|   0|   39|           5|          32|
    |sub_ln958_fu_1319_p2       |     -    |      0|   0|   39|           5|          32|
    |sub_ln964_1_fu_1683_p2     |     -    |      0|   0|   19|           3|           8|
    |sub_ln964_2_fu_2078_p2     |     -    |      0|   0|   19|           3|           8|
    |sub_ln964_fu_1380_p2       |     -    |      0|   0|   19|           3|           8|
    |tmp_V_fu_1136_p2           |     -    |      0|   0|   27|           1|          20|
    |a_1_fu_1542_p2             |    and   |      0|   0|    2|           1|           1|
    |a_2_fu_1866_p2             |    and   |      0|   0|    2|           1|           1|
    |a_fu_1240_p2               |    and   |      0|   0|    2|           1|           1|
    |and_ln111_1_fu_1983_p2     |    and   |      0|   0|    2|           1|           1|
    |and_ln111_fu_1977_p2       |    and   |      0|   0|    2|           1|           1|
    |and_ln949_1_fu_1575_p2     |    and   |      0|   0|    2|           1|           1|
    |and_ln949_2_fu_1899_p2     |    and   |      0|   0|    2|           1|           1|
    |and_ln949_fu_1272_p2       |    and   |      0|   0|    2|           1|           1|
    |p_Result_12_fu_1531_p2     |    and   |      0|   0|   20|          20|          20|
    |p_Result_18_fu_1855_p2     |    and   |      0|   0|   20|          20|          20|
    |p_Result_4_fu_1229_p2      |    and   |      0|   0|   20|          20|          20|
    |l_1_fu_1468_p3             |   cttz   |      0|  40|   36|          32|           0|
    |l_2_fu_1756_p3             |   cttz   |      0|  40|   36|          32|           0|
    |l_fu_1167_p3               |   cttz   |      0|  40|   36|          32|           0|
    |icmp_ln103_fu_1041_p2      |   icmp   |      0|   0|    9|           4|           4|
    |icmp_ln109_fu_1425_p2      |   icmp   |      0|   0|    9|           4|           4|
    |icmp_ln111_1_fu_1798_p2    |   icmp   |      0|   0|   20|          23|           1|
    |icmp_ln111_2_fu_1959_p2    |   icmp   |      0|   0|   11|           8|           2|
    |icmp_ln111_3_fu_1965_p2    |   icmp   |      0|   0|   20|          23|           1|
    |icmp_ln111_fu_1792_p2      |   icmp   |      0|   0|   11|           8|           2|
    |icmp_ln118_fu_2124_p2      |   icmp   |      0|   0|    9|           4|           4|
    |icmp_ln124_fu_2141_p2      |   icmp   |      0|   0|    9|           4|           4|
    |icmp_ln68_1_fu_854_p2      |   icmp   |      0|   0|    9|           3|           3|
    |icmp_ln68_2_fu_964_p2      |   icmp   |      0|   0|   11|           4|           5|
    |icmp_ln68_3_fu_1074_p2     |   icmp   |      0|   0|   11|           4|           5|
    |icmp_ln68_fu_733_p2        |   icmp   |      0|   0|   13|          10|           9|
    |icmp_ln88_fu_712_p2        |   icmp   |      0|   0|    9|           3|           3|
    |icmp_ln935_1_fu_1436_p2    |   icmp   |      0|   0|   20|          20|           1|
    |icmp_ln935_fu_1130_p2      |   icmp   |      0|   0|   20|          20|           1|
    |icmp_ln93_fu_811_p2        |   icmp   |      0|   0|   11|           4|           5|
    |icmp_ln947_1_fu_1234_p2    |   icmp   |      0|   0|   20|          20|           1|
    |icmp_ln947_2_fu_1505_p2    |   icmp   |      0|   0|   20|          31|           1|
    |icmp_ln947_3_fu_1536_p2    |   icmp   |      0|   0|   20|          20|           1|
    |icmp_ln947_4_fu_1829_p2    |   icmp   |      0|   0|   20|          31|           1|
    |icmp_ln947_5_fu_1860_p2    |   icmp   |      0|   0|   20|          20|           1|
    |icmp_ln947_fu_1208_p2      |   icmp   |      0|   0|   20|          31|           1|
    |icmp_ln958_1_fu_1595_p2    |   icmp   |      0|   0|   20|          32|           1|
    |icmp_ln958_2_fu_1919_p2    |   icmp   |      0|   0|   20|          32|           1|
    |icmp_ln958_fu_1298_p2      |   icmp   |      0|   0|   20|          32|           1|
    |icmp_ln98_fu_931_p2        |   icmp   |      0|   0|   11|           4|           5|
    |lshr_ln947_1_fu_1525_p2    |   lshr   |      0|   0|   53|           2|          20|
    |lshr_ln947_2_fu_1849_p2    |   lshr   |      0|   0|   53|           2|          20|
    |lshr_ln947_fu_1223_p2      |   lshr   |      0|   0|   53|           2|          20|
    |lshr_ln958_1_fu_1619_p2    |   lshr   |      0|   0|  101|          32|          32|
    |lshr_ln958_2_fu_2014_p2    |   lshr   |      0|   0|  101|          32|          32|
    |lshr_ln958_fu_1309_p2      |   lshr   |      0|   0|  101|          32|          32|
    |or_ln111_1_fu_1955_p2      |    or    |      0|   0|    2|           1|           1|
    |or_ln111_2_fu_1971_p2      |    or    |      0|   0|    2|           1|           1|
    |or_ln111_fu_1995_p2        |    or    |      0|   0|    2|           1|           1|
    |or_ln949_1_fu_1581_p2      |    or    |      0|   0|    2|           1|           1|
    |or_ln949_3_fu_1905_p2      |    or    |      0|   0|    2|           1|           1|
    |or_ln949_fu_1278_p2        |    or    |      0|   0|    2|           1|           1|
    |a1_V_d0                    |  select  |      0|   0|   19|           1|           1|
    |a2_V_d0                    |  select  |      0|   0|   19|           1|           1|
    |a3_V_d0                    |  select  |      0|   0|   19|           1|           1|
    |m_16_fu_1637_p3            |  select  |      0|   0|   56|           1|          64|
    |m_1_fu_1334_p3             |  select  |      0|   0|   56|           1|          64|
    |m_22_fu_2032_p3            |  select  |      0|   0|   56|           1|          64|
    |select_ln111_1_fu_2116_p3  |  select  |      0|   0|   32|           1|          32|
    |select_ln111_fu_2000_p3    |  select  |      0|   0|   32|           1|           1|
    |select_ln935_fu_1418_p3    |  select  |      0|   0|   32|           1|           1|
    |select_ln964_1_fu_1675_p3  |  select  |      0|   0|    7|           1|           7|
    |select_ln964_2_fu_2070_p3  |  select  |      0|   0|    7|           1|           7|
    |select_ln964_fu_1373_p3    |  select  |      0|   0|    7|           1|           7|
    |tmp_V_10_fu_1142_p3        |  select  |      0|   0|   20|           1|          20|
    |tmp_V_12_fu_1442_p3        |  select  |      0|   0|   20|           1|          20|
    |tmp_V_13_fu_1730_p3        |  select  |      0|   0|   20|           1|          20|
    |shl_ln958_1_fu_1631_p2     |    shl   |      0|   0|  179|          64|          64|
    |shl_ln958_2_fu_2026_p2     |    shl   |      0|   0|  179|          64|          64|
    |shl_ln958_fu_1328_p2       |    shl   |      0|   0|  179|          64|          64|
    |xor_ln111_fu_1989_p2       |    xor   |      0|   0|    2|           2|           1|
    |xor_ln949_1_fu_1556_p2     |    xor   |      0|   0|    2|           1|           2|
    |xor_ln949_2_fu_1880_p2     |    xor   |      0|   0|    2|           1|           2|
    |xor_ln949_fu_1254_p2       |    xor   |      0|   0|    2|           1|           2|
    +---------------------------+----------+-------+----+-----+------------+------------+
    |Total                      |          |      0| 120| 3206|        1305|        1612|
    +---------------------------+----------+-------+----+-----+------------+------------+

    * Multiplexer: 
    +-------------------+-----+-----------+-----+-----------+
    |        Name       | LUT | Input Size| Bits| Total Bits|
    +-------------------+-----+-----------+-----+-----------+
    |a1_V_address0      |   15|          3|    3|          9|
    |a2_V_address0      |   15|          3|    3|          9|
    |a3_V_address0      |   15|          3|    3|          9|
    |ap_NS_fsm          |  345|         78|    1|         78|
    |grp_fu_665_opcode  |   15|          3|    2|          6|
    |grp_fu_665_p0      |   15|          3|   32|         96|
    |grp_fu_665_p1      |   15|          3|   32|         96|
    |grp_fu_695_p1      |   15|          3|   20|         60|
    |i_0_i10_reg_519    |    9|          2|    3|          6|
    |i_0_i26_reg_552    |    9|          2|    4|          8|
    |i_0_i42_reg_586    |    9|          2|    4|          8|
    |i_0_i_reg_486      |    9|          2|   10|         20|
    |j4_0_reg_497       |    9|          2|    4|          8|
    |j5_0_reg_530       |    9|          2|    4|          8|
    |j6_0_reg_563       |    9|          2|    4|          8|
    |j7_0_reg_607       |    9|          2|    4|          8|
    |j8_0_reg_643       |    9|          2|    4|          8|
    |j9_0_reg_654       |    9|          2|    4|          8|
    |j_0_reg_453        |    9|          2|    3|          6|
    |logits_address0    |   27|          5|    4|         20|
    |logits_d0          |   21|          4|   32|        128|
    |maxv_0_reg_597     |    9|          2|   32|         64|
    |output_r_address0  |   21|          4|    4|         16|
    |output_r_d0        |   15|          3|   32|         96|
    |p_0202_reg_619     |    9|          2|   32|         64|
    |p_Val2_14_reg_575  |    9|          2|   20|         40|
    |p_Val2_1_reg_476   |    9|          2|   20|         40|
    |p_Val2_4_reg_509   |    9|          2|   20|         40|
    |p_Val2_9_reg_542   |    9|          2|   20|         40|
    |phi_mul_reg_464    |    9|          2|   12|         24|
    |sum_0_reg_631      |    9|          2|   32|         64|
    |z4_V_address0      |   21|          4|    4|         16|
    +-------------------+-----+-----------+-----+-----------+
    |Total              |  726|        157|  408|       1111|
    +-------------------+-----+-----------+-----+-----------+

    * Register: 
    +------------------------+----+----+-----+-----------+
    |          Name          | FF | LUT| Bits| Const Bits|
    +------------------------+----+----+-----+-----------+
    |add_ln1117_reg_2263     |   7|   0|    7|          0|
    |add_ln88_reg_2194       |  12|   0|   12|          0|
    |add_ln958_1_reg_2512    |  32|   0|   32|          0|
    |add_ln958_2_reg_2575    |  32|   0|   32|          0|
    |ap_CS_fsm               |  77|   0|   77|          0|
    |e_reg_2618              |  32|   0|   32|          0|
    |i_0_i10_reg_519         |   3|   0|    3|          0|
    |i_0_i26_reg_552         |   4|   0|    4|          0|
    |i_0_i42_reg_586         |   4|   0|    4|          0|
    |i_0_i_reg_486           |  10|   0|   10|          0|
    |i_1_reg_2276            |   3|   0|    3|          0|
    |i_2_reg_2327            |   4|   0|    4|          0|
    |i_3_reg_2383            |   4|   0|    4|          0|
    |i_reg_2225              |  10|   0|   10|          0|
    |icmp_ln111_1_reg_2560   |   1|   0|    1|          0|
    |icmp_ln111_reg_2555     |   1|   0|    1|          0|
    |icmp_ln935_1_reg_2474   |   1|   0|    1|          0|
    |icmp_ln935_reg_2409     |   1|   0|    1|          0|
    |icmp_ln958_1_reg_2507   |   1|   0|    1|          0|
    |icmp_ln958_2_reg_2570   |   1|   0|    1|          0|
    |j4_0_reg_497            |   4|   0|    4|          0|
    |j5_0_reg_530            |   4|   0|    4|          0|
    |j6_0_reg_563            |   4|   0|    4|          0|
    |j7_0_reg_607            |   4|   0|    4|          0|
    |j8_0_reg_643            |   4|   0|    4|          0|
    |j9_0_reg_654            |   4|   0|    4|          0|
    |j_0_reg_453             |   3|   0|    3|          0|
    |j_1_reg_2248            |   4|   0|    4|          0|
    |j_2_reg_2299            |   4|   0|    4|          0|
    |j_3_reg_2350            |   4|   0|    4|          0|
    |j_4_reg_2593            |   4|   0|    4|          0|
    |j_5_reg_2550            |   4|   0|    4|          0|
    |j_6_reg_2632            |   4|   0|    4|          0|
    |j_reg_2202              |   3|   0|    3|          0|
    |l_1_reg_2492            |  32|   0|   32|          0|
    |l_2_reg_2540            |  32|   0|   32|          0|
    |logits_load_reg_2608    |  32|   0|   32|          0|
    |m_s_reg_2444            |  63|   0|   63|          0|
    |maxv_0_reg_597          |  32|   0|   32|          0|
    |or_ln949_2_reg_2502     |   1|   0|   32|         31|
    |or_ln949_4_reg_2565     |   1|   0|   32|         31|
    |output_addr_1_reg_2637  |   4|   0|    4|          0|
    |output_load_reg_2642    |  32|   0|   32|          0|
    |p_0202_reg_619          |  32|   0|   32|          0|
    |p_Result_21_reg_2403    |   1|   0|    1|          0|
    |p_Result_24_reg_2479    |   1|   0|    1|          0|
    |p_Result_27_reg_2527    |   1|   0|    1|          0|
    |p_Val2_14_reg_575       |  20|   0|   20|          0|
    |p_Val2_1_reg_476        |  20|   0|   20|          0|
    |p_Val2_4_reg_509        |  20|   0|   20|          0|
    |p_Val2_9_reg_542        |  20|   0|   20|          0|
    |phi_mul_reg_464         |  12|   0|   12|          0|
    |reg_701                 |  20|   0|   20|          0|
    |select_ln935_reg_2454   |  32|   0|   32|          0|
    |sub_ln944_reg_2422      |  32|   0|   32|          0|
    |sub_ln958_1_reg_2517    |  32|   0|   32|          0|
    |sub_ln958_2_reg_2580    |  32|   0|   32|          0|
    |sum_0_reg_631           |  32|   0|   32|          0|
    |tmp_15_reg_2449         |   1|   0|    1|          0|
    |tmp_2_reg_2647          |  32|   0|   32|          0|
    |tmp_V_10_reg_2414       |  20|   0|   20|          0|
    |tmp_V_12_reg_2484       |  20|   0|   20|          0|
    |tmp_V_13_reg_2532       |  20|   0|   20|          0|
    |tmp_reg_2613            |  32|   0|   32|          0|
    |trunc_ln943_1_reg_2497  |   8|   0|    8|          0|
    |trunc_ln943_2_reg_2545  |   8|   0|    8|          0|
    |trunc_ln943_reg_2439    |   8|   0|    8|          0|
    |trunc_ln944_reg_2429    |  20|   0|   20|          0|
    |trunc_ln947_reg_2434    |   5|   0|    5|          0|
    |zext_ln104_1_reg_2370   |   4|   0|    8|          4|
    |zext_ln104_reg_2355     |   4|   0|   64|         60|
    |zext_ln110_reg_2463     |   4|   0|   64|         60|
    |zext_ln119_reg_2598     |   4|   0|   64|         60|
    |zext_ln89_reg_2207      |   3|   0|   64|         61|
    |zext_ln94_reg_2253      |   4|   0|   64|         60|
    |zext_ln99_1_reg_2314    |   4|   0|    8|          4|
    |zext_ln99_reg_2304      |   4|   0|   64|         60|
    +------------------------+----+----+-----+-----------+
    |Total                   |1035|   0| 1466|        431|
    +------------------------+----+----+-----+-----------+



================================================================
== Interface
================================================================
* Summary: 
+-------------------+-----+-----+------------+--------------+--------------+
|     RTL Ports     | Dir | Bits|  Protocol  | Source Object|    C Type    |
+-------------------+-----+-----+------------+--------------+--------------+
|ap_clk             |  in |    1| ap_ctrl_hs |      mlp     | return value |
|ap_rst             |  in |    1| ap_ctrl_hs |      mlp     | return value |
|ap_start           |  in |    1| ap_ctrl_hs |      mlp     | return value |
|ap_done            | out |    1| ap_ctrl_hs |      mlp     | return value |
|ap_idle            | out |    1| ap_ctrl_hs |      mlp     | return value |
|ap_ready           | out |    1| ap_ctrl_hs |      mlp     | return value |
|input_V_address0   | out |   10|  ap_memory |    input_V   |     array    |
|input_V_ce0        | out |    1|  ap_memory |    input_V   |     array    |
|input_V_q0         |  in |   20|  ap_memory |    input_V   |     array    |
|output_r_address0  | out |    4|  ap_memory |   output_r   |     array    |
|output_r_ce0       | out |    1|  ap_memory |   output_r   |     array    |
|output_r_we0       | out |    1|  ap_memory |   output_r   |     array    |
|output_r_d0        | out |   32|  ap_memory |   output_r   |     array    |
|output_r_q0        |  in |   32|  ap_memory |   output_r   |     array    |
+-------------------+-----+-----+------------+--------------+--------------+

